Archive member included to satisfy reference by file (symbol)

c:/ac6/systemworkbench/plugins/fr.ac6.mcu.externaltools.arm-none.win32_1.17.0.201812190825/tools/compiler/bin/../lib/gcc/arm-none-eabi/7.3.1/thumb/v6-m\libgcc.a(_udivsi3.o)
                              Drivers/STM32L0xx_HAL_Driver/Src/stm32l0xx_hal.o (__aeabi_uidiv)
c:/ac6/systemworkbench/plugins/fr.ac6.mcu.externaltools.arm-none.win32_1.17.0.201812190825/tools/compiler/bin/../lib/gcc/arm-none-eabi/7.3.1/thumb/v6-m\libgcc.a(_dvmd_tls.o)
                              c:/ac6/systemworkbench/plugins/fr.ac6.mcu.externaltools.arm-none.win32_1.17.0.201812190825/tools/compiler/bin/../lib/gcc/arm-none-eabi/7.3.1/thumb/v6-m\libgcc.a(_udivsi3.o) (__aeabi_idiv0)
c:/ac6/systemworkbench/plugins/fr.ac6.mcu.externaltools.arm-none.win32_1.17.0.201812190825/tools/compiler/bin/../lib/gcc/arm-none-eabi/7.3.1/../../../../arm-none-eabi/lib/thumb/v6-m\libc_nano.a(lib_a-errno.o)
                              Src/syscalls.o (__errno)
c:/ac6/systemworkbench/plugins/fr.ac6.mcu.externaltools.arm-none.win32_1.17.0.201812190825/tools/compiler/bin/../lib/gcc/arm-none-eabi/7.3.1/../../../../arm-none-eabi/lib/thumb/v6-m\libc_nano.a(lib_a-exit.o)
                              c:/ac6/systemworkbench/plugins/fr.ac6.mcu.externaltools.arm-none.win32_1.17.0.201812190825/tools/compiler/bin/../lib/gcc/arm-none-eabi/7.3.1/../../../../arm-none-eabi/lib/thumb/v6-m/crt0.o (exit)
c:/ac6/systemworkbench/plugins/fr.ac6.mcu.externaltools.arm-none.win32_1.17.0.201812190825/tools/compiler/bin/../lib/gcc/arm-none-eabi/7.3.1/../../../../arm-none-eabi/lib/thumb/v6-m\libc_nano.a(lib_a-impure.o)
                              c:/ac6/systemworkbench/plugins/fr.ac6.mcu.externaltools.arm-none.win32_1.17.0.201812190825/tools/compiler/bin/../lib/gcc/arm-none-eabi/7.3.1/../../../../arm-none-eabi/lib/thumb/v6-m\libc_nano.a(lib_a-exit.o) (_global_impure_ptr)
c:/ac6/systemworkbench/plugins/fr.ac6.mcu.externaltools.arm-none.win32_1.17.0.201812190825/tools/compiler/bin/../lib/gcc/arm-none-eabi/7.3.1/../../../../arm-none-eabi/lib/thumb/v6-m\libc_nano.a(lib_a-init.o)
                              c:/ac6/systemworkbench/plugins/fr.ac6.mcu.externaltools.arm-none.win32_1.17.0.201812190825/tools/compiler/bin/../lib/gcc/arm-none-eabi/7.3.1/../../../../arm-none-eabi/lib/thumb/v6-m/crt0.o (__libc_init_array)
c:/ac6/systemworkbench/plugins/fr.ac6.mcu.externaltools.arm-none.win32_1.17.0.201812190825/tools/compiler/bin/../lib/gcc/arm-none-eabi/7.3.1/../../../../arm-none-eabi/lib/thumb/v6-m\libc_nano.a(lib_a-memset.o)
                              c:/ac6/systemworkbench/plugins/fr.ac6.mcu.externaltools.arm-none.win32_1.17.0.201812190825/tools/compiler/bin/../lib/gcc/arm-none-eabi/7.3.1/../../../../arm-none-eabi/lib/thumb/v6-m/crt0.o (memset)

Allocating common symbols
Common symbol       size              file

gDate               0x14              Src/main.o
subseconds          0x4               Src/main.o
rpt                 0x4               Src/main.o
settingsLevel       0x1               Src/main.o
sTime               0x14              Src/main.o
startFlag           0x1               Src/main.o
columnBusyFlag      0x1               Src/main.o
uwTick              0x4               Drivers/STM32L0xx_HAL_Driver/Src/stm32l0xx_hal.o
pFlash              0x18              Drivers/STM32L0xx_HAL_Driver/Src/stm32l0xx_hal_flash.o
minRpt              0x1               Src/main.o
displayBusyFlag     0x1               Src/main.o
mode                0x1               Src/main.o
screenMatrix        0x1a4             Src/main.o
pulses              0x4               Src/main.o
gTime               0x14              Src/main.o
rotatesCounter      0x4               Src/main.o
forceMode           0x1               Src/main.o
sDate               0x14              Src/main.o
hrtc                0x24              Src/main.o
columnTime          0x4               Src/main.o
workingTime         0x1               Src/main.o
seconds             0x1               Src/main.o
workingCounter      0x1               Src/main.o
htim2               0x3c              Src/main.o
rotateTime          0x4               Src/main.o
hadc                0x5c              Src/main.o
minutes             0x1               Src/main.o
hours               0x1               Src/main.o
contacts            0x1               Src/main.o
htim21              0x3c              Src/main.o

Discarded input sections

 .text          0x00000000        0x0 c:/ac6/systemworkbench/plugins/fr.ac6.mcu.externaltools.arm-none.win32_1.17.0.201812190825/tools/compiler/bin/../lib/gcc/arm-none-eabi/7.3.1/thumb/v6-m/crti.o
 .data          0x00000000        0x0 c:/ac6/systemworkbench/plugins/fr.ac6.mcu.externaltools.arm-none.win32_1.17.0.201812190825/tools/compiler/bin/../lib/gcc/arm-none-eabi/7.3.1/thumb/v6-m/crti.o
[...]
Memory Configuration

Name             Origin             Length             Attributes
RAM              0x20000000         0x00002000         xrw
FLASH            0x08000000         0x00008000         xr
*default*        0x00000000         0xffffffff

Linker script and memory map

LOAD c:/ac6/systemworkbench/plugins/fr.ac6.mcu.externaltools.arm-none.win32_1.17.0.201812190825/tools/compiler/bin/../lib/gcc/arm-none-eabi/7.3.1/thumb/v6-m/crti.o
LOAD c:/ac6/systemworkbench/plugins/fr.ac6.mcu.externaltools.arm-none.win32_1.17.0.201812190825/tools/compiler/bin/../lib/gcc/arm-none-eabi/7.3.1/thumb/v6-m/crtbegin.o
LOAD c:/ac6/systemworkbench/plugins/fr.ac6.mcu.externaltools.arm-none.win32_1.17.0.201812190825/tools/compiler/bin/../lib/gcc/arm-none-eabi/7.3.1/../../../../arm-none-eabi/lib/thumb/v6-m/crt0.o
LOAD Drivers/STM32L0xx_HAL_Driver/Src/stm32l0xx_hal.o
LOAD Drivers/STM32L0xx_HAL_Driver/Src/stm32l0xx_hal_adc.o
LOAD Drivers/STM32L0xx_HAL_Driver/Src/stm32l0xx_hal_adc_ex.o
LOAD Drivers/STM32L0xx_HAL_Driver/Src/stm32l0xx_hal_cortex.o
LOAD Drivers/STM32L0xx_HAL_Driver/Src/stm32l0xx_hal_dma.o
LOAD Drivers/STM32L0xx_HAL_Driver/Src/stm32l0xx_hal_flash.o
LOAD Drivers/STM32L0xx_HAL_Driver/Src/stm32l0xx_hal_flash_ex.o
LOAD Drivers/STM32L0xx_HAL_Driver/Src/stm32l0xx_hal_flash_ramfunc.o
LOAD Drivers/STM32L0xx_HAL_Driver/Src/stm32l0xx_hal_gpio.o
LOAD Drivers/STM32L0xx_HAL_Driver/Src/stm32l0xx_hal_i2c.o
LOAD Drivers/STM32L0xx_HAL_Driver/Src/stm32l0xx_hal_i2c_ex.o
LOAD Drivers/STM32L0xx_HAL_Driver/Src/stm32l0xx_hal_pwr.o
LOAD Drivers/STM32L0xx_HAL_Driver/Src/stm32l0xx_hal_pwr_ex.o
LOAD Drivers/STM32L0xx_HAL_Driver/Src/stm32l0xx_hal_rcc.o
LOAD Drivers/STM32L0xx_HAL_Driver/Src/stm32l0xx_hal_rcc_ex.o
LOAD Drivers/STM32L0xx_HAL_Driver/Src/stm32l0xx_hal_rtc.o
LOAD Drivers/STM32L0xx_HAL_Driver/Src/stm32l0xx_hal_rtc_ex.o
LOAD Drivers/STM32L0xx_HAL_Driver/Src/stm32l0xx_hal_tim.o
LOAD Drivers/STM32L0xx_HAL_Driver/Src/stm32l0xx_hal_tim_ex.o
LOAD Src/main.o
LOAD Src/matrixDisplay.o
LOAD Src/rtc.o
LOAD Src/stm32l0xx_hal_msp.o
LOAD Src/stm32l0xx_it.o
LOAD Src/syscalls.o
LOAD Src/system_stm32l0xx.o
LOAD startup/startup_stm32l041xx.o
LOAD c:/ac6/systemworkbench/plugins/fr.ac6.mcu.externaltools.arm-none.win32_1.17.0.201812190825/tools/compiler/bin/../lib/gcc/arm-none-eabi/7.3.1/../../../../arm-none-eabi/lib/thumb/v6-m\libm.a
START GROUP
LOAD c:/ac6/systemworkbench/plugins/fr.ac6.mcu.externaltools.arm-none.win32_1.17.0.201812190825/tools/compiler/bin/../lib/gcc/arm-none-eabi/7.3.1/thumb/v6-m\libgcc.a
LOAD c:/ac6/systemworkbench/plugins/fr.ac6.mcu.externaltools.arm-none.win32_1.17.0.201812190825/tools/compiler/bin/../lib/gcc/arm-none-eabi/7.3.1/../../../../arm-none-eabi/lib/thumb/v6-m\libc_nano.a
END GROUP
START GROUP
LOAD c:/ac6/systemworkbench/plugins/fr.ac6.mcu.externaltools.arm-none.win32_1.17.0.201812190825/tools/compiler/bin/../lib/gcc/arm-none-eabi/7.3.1/thumb/v6-m\libgcc.a
LOAD c:/ac6/systemworkbench/plugins/fr.ac6.mcu.externaltools.arm-none.win32_1.17.0.201812190825/tools/compiler/bin/../lib/gcc/arm-none-eabi/7.3.1/../../../../arm-none-eabi/lib/thumb/v6-m\libc_nano.a
LOAD c:/ac6/systemworkbench/plugins/fr.ac6.mcu.externaltools.arm-none.win32_1.17.0.201812190825/tools/compiler/bin/../lib/gcc/arm-none-eabi/7.3.1/../../../../arm-none-eabi/lib/thumb/v6-m\libnosys.a
END GROUP
START GROUP
LOAD c:/ac6/systemworkbench/plugins/fr.ac6.mcu.externaltools.arm-none.win32_1.17.0.201812190825/tools/compiler/bin/../lib/gcc/arm-none-eabi/7.3.1/thumb/v6-m\libgcc.a
LOAD c:/ac6/systemworkbench/plugins/fr.ac6.mcu.externaltools.arm-none.win32_1.17.0.201812190825/tools/compiler/bin/../lib/gcc/arm-none-eabi/7.3.1/../../../../arm-none-eabi/lib/thumb/v6-m\libc_nano.a
LOAD c:/ac6/systemworkbench/plugins/fr.ac6.mcu.externaltools.arm-none.win32_1.17.0.201812190825/tools/compiler/bin/../lib/gcc/arm-none-eabi/7.3.1/../../../../arm-none-eabi/lib/thumb/v6-m\libnosys.a
END GROUP
LOAD c:/ac6/systemworkbench/plugins/fr.ac6.mcu.externaltools.arm-none.win32_1.17.0.201812190825/tools/compiler/bin/../lib/gcc/arm-none-eabi/7.3.1/thumb/v6-m/crtend.o
LOAD c:/ac6/systemworkbench/plugins/fr.ac6.mcu.externaltools.arm-none.win32_1.17.0.201812190825/tools/compiler/bin/../lib/gcc/arm-none-eabi/7.3.1/thumb/v6-m/crtn.o
                0x20002000                _estack = 0x20002000
                0x00000200                _Min_Heap_Size = 0x200
                0x00000400                _Min_Stack_Size = 0x400

.isr_vector     0x08000000       0xc0
                0x08000000                . = ALIGN (0x4)
 *(.isr_vector)
 .isr_vector    0x08000000       0xc0 startup/startup_stm32l041xx.o
                0x08000000                g_pfnVectors
                0x080000c0                . = ALIGN (0x4)

.text           0x080000c0     0x28b4
                0x080000c0                . = ALIGN (0x4)
 *(.text)
 .text          0x080000c0       0x48 c:/ac6/systemworkbench/plugins/fr.ac6.mcu.externaltools.arm-none.win32_1.17.0.201812190825/tools/compiler/bin/../lib/gcc/arm-none-eabi/7.3.1/thumb/v6-m/crtbegin.o
 .text          0x08000108      0x114 c:/ac6/systemworkbench/plugins/fr.ac6.mcu.externaltools.arm-none.win32_1.17.0.201812190825/tools/compiler/bin/../lib/gcc/arm-none-eabi/7.3.1/thumb/v6-m\libgcc.a(_udivsi3.o)
                0x08000108                __aeabi_uidiv
                0x08000108                __udivsi3
                0x08000214                __aeabi_uidivmod
 .text          0x0800021c        0x4 c:/ac6/systemworkbench/plugins/fr.ac6.mcu.externaltools.arm-none.win32_1.17.0.201812190825/tools/compiler/bin/../lib/gcc/arm-none-eabi/7.3.1/thumb/v6-m\libgcc.a(_dvmd_tls.o)
                0x0800021c                __aeabi_idiv0
                0x0800021c                __aeabi_ldiv0
 *(.text*)
 .text.HAL_InitTick
                0x08000220       0x30 Drivers/STM32L0xx_HAL_Driver/Src/stm32l0xx_hal.o
                0x08000220                HAL_InitTick
 .text.HAL_Init
                0x08000250       0x28 Drivers/STM32L0xx_HAL_Driver/Src/stm32l0xx_hal.o
                0x08000250                HAL_Init
 .text.HAL_IncTick
                0x08000278       0x10 Drivers/STM32L0xx_HAL_Driver/Src/stm32l0xx_hal.o
                0x08000278                HAL_IncTick
 .text.HAL_GetTick
                0x08000288        0xc Drivers/STM32L0xx_HAL_Driver/Src/stm32l0xx_hal.o
                0x08000288                HAL_GetTick
 .text.HAL_Delay
                0x08000294       0x1c Drivers/STM32L0xx_HAL_Driver/Src/stm32l0xx_hal.o
                0x08000294                HAL_Delay
 .text.ADC_DelayMicroSecond
                0x080002b0       0x30 Drivers/STM32L0xx_HAL_Driver/Src/stm32l0xx_hal_adc.o
 .text.HAL_ADC_Init
                0x080002e0      0x1e8 Drivers/STM32L0xx_HAL_Driver/Src/stm32l0xx_hal_adc.o
                0x080002e0                HAL_ADC_Init
 .text.HAL_ADC_ConfigChannel
                0x080004c8       0xbc Drivers/STM32L0xx_HAL_Driver/Src/stm32l0xx_hal_adc.o
                0x080004c8                HAL_ADC_ConfigChannel
 .text.HAL_NVIC_SetPriority
                0x08000584       0x60 Drivers/STM32L0xx_HAL_Driver/Src/stm32l0xx_hal_cortex.o
                0x08000584                HAL_NVIC_SetPriority
 .text.HAL_NVIC_EnableIRQ
                0x080005e4       0x14 Drivers/STM32L0xx_HAL_Driver/Src/stm32l0xx_hal_cortex.o
                0x080005e4                HAL_NVIC_EnableIRQ
 .text.HAL_SYSTICK_Config
                0x080005f8       0x38 Drivers/STM32L0xx_HAL_Driver/Src/stm32l0xx_hal_cortex.o
                0x080005f8                HAL_SYSTICK_Config
 .text.HAL_GPIO_Init
                0x08000630      0x180 Drivers/STM32L0xx_HAL_Driver/Src/stm32l0xx_hal_gpio.o
                0x08000630                HAL_GPIO_Init
 .text.HAL_GPIO_ReadPin
                0x080007b0        0xe Drivers/STM32L0xx_HAL_Driver/Src/stm32l0xx_hal_gpio.o
                0x080007b0                HAL_GPIO_ReadPin
 .text.HAL_GPIO_WritePin
                0x080007be        0xc Drivers/STM32L0xx_HAL_Driver/Src/stm32l0xx_hal_gpio.o
                0x080007be                HAL_GPIO_WritePin
 .text.HAL_GPIO_TogglePin
                0x080007ca        0x8 Drivers/STM32L0xx_HAL_Driver/Src/stm32l0xx_hal_gpio.o
                0x080007ca                HAL_GPIO_TogglePin
 *fill*         0x080007d2        0x2 
 .text.HAL_GPIO_EXTI_IRQHandler
                0x080007d4       0x1c Drivers/STM32L0xx_HAL_Driver/Src/stm32l0xx_hal_gpio.o
                0x080007d4                HAL_GPIO_EXTI_IRQHandler
 .text.HAL_PWR_EnableBkUpAccess
                0x080007f0       0x14 Drivers/STM32L0xx_HAL_Driver/Src/stm32l0xx_hal_pwr.o
                0x080007f0                HAL_PWR_EnableBkUpAccess
 .text.HAL_PWR_EnterSTOPMode
                0x08000804       0x3c Drivers/STM32L0xx_HAL_Driver/Src/stm32l0xx_hal_pwr.o
                0x08000804                HAL_PWR_EnterSTOPMode
 .text.HAL_RCC_GetSysClockFreq
                0x08000840       0xb0 Drivers/STM32L0xx_HAL_Driver/Src/stm32l0xx_hal_rcc.o
                0x08000840                HAL_RCC_GetSysClockFreq
 .text.HAL_RCC_OscConfig
                0x080008f0      0x514 Drivers/STM32L0xx_HAL_Driver/Src/stm32l0xx_hal_rcc.o
                0x080008f0                HAL_RCC_OscConfig
 .text.HAL_RCC_ClockConfig
                0x08000e04      0x1a8 Drivers/STM32L0xx_HAL_Driver/Src/stm32l0xx_hal_rcc.o
                0x08000e04                HAL_RCC_ClockConfig
 .text.HAL_RCCEx_PeriphCLKConfig
                0x08000fac      0x1a0 Drivers/STM32L0xx_HAL_Driver/Src/stm32l0xx_hal_rcc_ex.o
                0x08000fac                HAL_RCCEx_PeriphCLKConfig
 .text.HAL_RTC_WaitForSynchro
                0x0800114c       0x32 Drivers/STM32L0xx_HAL_Driver/Src/stm32l0xx_hal_rtc.o
                0x0800114c                HAL_RTC_WaitForSynchro
 .text.RTC_EnterInitMode
                0x0800117e       0x3a Drivers/STM32L0xx_HAL_Driver/Src/stm32l0xx_hal_rtc.o
                0x0800117e                RTC_EnterInitMode
 .text.HAL_RTC_Init
                0x080011b8       0xd8 Drivers/STM32L0xx_HAL_Driver/Src/stm32l0xx_hal_rtc.o
                0x080011b8                HAL_RTC_Init
 .text.RTC_ByteToBcd2
                0x08001290       0x16 Drivers/STM32L0xx_HAL_Driver/Src/stm32l0xx_hal_rtc.o
                0x08001290                RTC_ByteToBcd2
 *fill*         0x080012a6        0x2 
 .text.HAL_RTC_SetTime
                0x080012a8      0x110 Drivers/STM32L0xx_HAL_Driver/Src/stm32l0xx_hal_rtc.o
                0x080012a8                HAL_RTC_SetTime
 .text.HAL_RTC_SetDate
                0x080013b8       0xec Drivers/STM32L0xx_HAL_Driver/Src/stm32l0xx_hal_rtc.o
                0x080013b8                HAL_RTC_SetDate
 .text.RTC_Bcd2ToByte
                0x080014a4       0x12 Drivers/STM32L0xx_HAL_Driver/Src/stm32l0xx_hal_rtc.o
                0x080014a4                RTC_Bcd2ToByte
 *fill*         0x080014b6        0x2 
 .text.HAL_RTC_GetTime
                0x080014b8       0x58 Drivers/STM32L0xx_HAL_Driver/Src/stm32l0xx_hal_rtc.o
                0x080014b8                HAL_RTC_GetTime
 .text.HAL_RTC_GetDate
                0x08001510       0x48 Drivers/STM32L0xx_HAL_Driver/Src/stm32l0xx_hal_rtc.o
                0x08001510                HAL_RTC_GetDate
 .text.TIM_Base_SetConfig
                0x08001558       0x60 Drivers/STM32L0xx_HAL_Driver/Src/stm32l0xx_hal_tim.o
 .text.TIM_TI1_ConfigInputStage
                0x080015b8       0x22 Drivers/STM32L0xx_HAL_Driver/Src/stm32l0xx_hal_tim.o
 *fill*         0x080015da        0x2 
 .text.TIM_TI2_ConfigInputStage
                0x080015dc       0x28 Drivers/STM32L0xx_HAL_Driver/Src/stm32l0xx_hal_tim.o
 .text.TIM_ITRx_SetConfig
                0x08001604       0x12 Drivers/STM32L0xx_HAL_Driver/Src/stm32l0xx_hal_tim.o
 *fill*         0x08001616        0x2 
 .text.TIM_ETR_SetConfig
                0x08001618       0x18 Drivers/STM32L0xx_HAL_Driver/Src/stm32l0xx_hal_tim.o
 .text.HAL_TIM_Base_Init
                0x08001630       0x34 Drivers/STM32L0xx_HAL_Driver/Src/stm32l0xx_hal_tim.o
                0x08001630                HAL_TIM_Base_Init
 .text.HAL_TIM_Base_Start_IT
                0x08001664       0x22 Drivers/STM32L0xx_HAL_Driver/Src/stm32l0xx_hal_tim.o
                0x08001664                HAL_TIM_Base_Start_IT
 *fill*         0x08001686        0x2 
 .text.HAL_TIM_ConfigClockSource
                0x08001688       0xe4 Drivers/STM32L0xx_HAL_Driver/Src/stm32l0xx_hal_tim.o
                0x08001688                HAL_TIM_ConfigClockSource
 .text.HAL_TIM_OC_DelayElapsedCallback
                0x0800176c        0x2 Drivers/STM32L0xx_HAL_Driver/Src/stm32l0xx_hal_tim.o
                0x0800176c                HAL_TIM_OC_DelayElapsedCallback
 .text.HAL_TIM_IC_CaptureCallback
                0x0800176e        0x2 Drivers/STM32L0xx_HAL_Driver/Src/stm32l0xx_hal_tim.o
                0x0800176e                HAL_TIM_IC_CaptureCallback
 .text.HAL_TIM_PWM_PulseFinishedCallback
                0x08001770        0x2 Drivers/STM32L0xx_HAL_Driver/Src/stm32l0xx_hal_tim.o
                0x08001770                HAL_TIM_PWM_PulseFinishedCallback
 .text.HAL_TIM_TriggerCallback
                0x08001772        0x2 Drivers/STM32L0xx_HAL_Driver/Src/stm32l0xx_hal_tim.o
                0x08001772                HAL_TIM_TriggerCallback
 .text.HAL_TIM_IRQHandler
                0x08001774      0x122 Drivers/STM32L0xx_HAL_Driver/Src/stm32l0xx_hal_tim.o
                0x08001774                HAL_TIM_IRQHandler
 .text.HAL_TIMEx_MasterConfigSynchronization
                0x08001896       0x46 Drivers/STM32L0xx_HAL_Driver/Src/stm32l0xx_hal_tim_ex.o
                0x08001896                HAL_TIMEx_MasterConfigSynchronization
 .text.MX_GPIO_Init
                0x080018dc       0xe8 Src/main.o
 .text.MX_RTC_Init
                0x080019c4       0x70 Src/main.o
 .text.MX_TIM2_Init
                0x08001a34       0x64 Src/main.o
 .text.MX_TIM21_Init
                0x08001a98       0x5c Src/main.o
 .text.MX_ADC_Init
                0x08001af4       0x84 Src/main.o
 .text.SystemClock_Config
                0x08001b78       0xa0 Src/main.o
                0x08001b78                SystemClock_Config
 .text.main     0x08001c18      0x448 Src/main.o
                0x08001c18                main
 .text.matrixDisplayInit
                0x08002060       0x54 Src/matrixDisplay.o
                0x08002060                matrixDisplayInit
 .text.HAL_GPIO_EXTI_Callback
                0x080020b4       0xac Src/matrixDisplay.o
                0x080020b4                HAL_GPIO_EXTI_Callback
 .text.matrixWriteTime
                0x08002160       0x64 Src/matrixDisplay.o
                0x08002160                matrixWriteTime
 .text.matrixWriteMarkers
                0x080021c4       0x2c Src/matrixDisplay.o
                0x080021c4                matrixWriteMarkers
 .text.HAL_TIM_PeriodElapsedCallback
                0x080021f0       0xbc Src/matrixDisplay.o
                0x080021f0                HAL_TIM_PeriodElapsedCallback
 .text.turnOn   0x080022ac       0x80 Src/matrixDisplay.o
                0x080022ac                turnOn
 .text.matrixDisplayCcw
                0x0800232c      0x12c Src/matrixDisplay.o
                0x0800232c                matrixDisplayCcw
 .text.turnOff  0x08002458       0x80 Src/matrixDisplay.o
                0x08002458                turnOff
 .text.matrixSplash
                0x080024d8       0x94 Src/matrixDisplay.o
                0x080024d8                matrixSplash
 .text.toggleAll
                0x0800256c       0x4c Src/matrixDisplay.o
                0x0800256c                toggleAll
 .text.showBinary
                0x080025b8       0xd8 Src/matrixDisplay.o
                0x080025b8                showBinary
 .text.getTime  0x08002690       0x48 Src/rtc.o
                0x08002690                getTime
 .text.setTime  0x080026d8       0x48 Src/rtc.o
                0x080026d8                setTime
 .text.HAL_MspInit
                0x08002720       0x1c Src/stm32l0xx_hal_msp.o
                0x08002720                HAL_MspInit
 .text.HAL_ADC_MspInit
                0x0800273c       0x54 Src/stm32l0xx_hal_msp.o
                0x0800273c                HAL_ADC_MspInit
 .text.HAL_RTC_MspInit
                0x08002790       0x20 Src/stm32l0xx_hal_msp.o
                0x08002790                HAL_RTC_MspInit
 .text.HAL_TIM_Base_MspInit
                0x080027b0       0x54 Src/stm32l0xx_hal_msp.o
                0x080027b0                HAL_TIM_Base_MspInit
 .text.NMI_Handler
                0x08002804        0x2 Src/stm32l0xx_it.o
                0x08002804                NMI_Handler
 .text.HardFault_Handler
                0x08002806        0x2 Src/stm32l0xx_it.o
                0x08002806                HardFault_Handler
 .text.SVC_Handler
                0x08002808        0x2 Src/stm32l0xx_it.o
                0x08002808                SVC_Handler
 .text.PendSV_Handler
                0x0800280a        0x2 Src/stm32l0xx_it.o
                0x0800280a                PendSV_Handler
 .text.SysTick_Handler
                0x0800280c        0x8 Src/stm32l0xx_it.o
                0x0800280c                SysTick_Handler
 .text.EXTI0_1_IRQHandler
                0x08002814        0xa Src/stm32l0xx_it.o
                0x08002814                EXTI0_1_IRQHandler
 .text.EXTI2_3_IRQHandler
                0x0800281e        0xa Src/stm32l0xx_it.o
                0x0800281e                EXTI2_3_IRQHandler
 .text.EXTI4_15_IRQHandler
                0x08002828        0xa Src/stm32l0xx_it.o
                0x08002828                EXTI4_15_IRQHandler
 *fill*         0x08002832        0x2 
 .text.TIM2_IRQHandler
                0x08002834       0x10 Src/stm32l0xx_it.o
                0x08002834                TIM2_IRQHandler
 .text.TIM21_IRQHandler
                0x08002844       0x10 Src/stm32l0xx_it.o
                0x08002844                TIM21_IRQHandler
 .text.SystemInit
                0x08002854       0x5c Src/system_stm32l0xx.o
                0x08002854                SystemInit
 .text.Reset_Handler
                0x080028b0       0x50 startup/startup_stm32l041xx.o
                0x080028b0                Reset_Handler
 .text.Default_Handler
                0x08002900        0x2 startup/startup_stm32l041xx.o
                0x08002900                ADC1_COMP_IRQHandler
                0x08002900                PVD_IRQHandler
                0x08002900                I2C1_IRQHandler
                0x08002900                SPI1_IRQHandler
                0x08002900                AES_LPUART1_IRQHandler
                0x08002900                RTC_IRQHandler
                0x08002900                DMA1_Channel4_5_6_7_IRQHandler
                0x08002900                RCC_IRQHandler
                0x08002900                DMA1_Channel1_IRQHandler
                0x08002900                Default_Handler
                0x08002900                TIM22_IRQHandler
                0x08002900                WWDG_IRQHandler
                0x08002900                DMA1_Channel2_3_IRQHandler
                0x08002900                USART2_IRQHandler
                0x08002900                FLASH_IRQHandler
                0x08002900                LPTIM1_IRQHandler
 *fill*         0x08002902        0x2 
 .text.__libc_init_array
                0x08002904       0x48 c:/ac6/systemworkbench/plugins/fr.ac6.mcu.externaltools.arm-none.win32_1.17.0.201812190825/tools/compiler/bin/../lib/gcc/arm-none-eabi/7.3.1/../../../../arm-none-eabi/lib/thumb/v6-m\libc_nano.a(lib_a-init.o)
                0x08002904                __libc_init_array
 .text.memset   0x0800294c       0x10 c:/ac6/systemworkbench/plugins/fr.ac6.mcu.externaltools.arm-none.win32_1.17.0.201812190825/tools/compiler/bin/../lib/gcc/arm-none-eabi/7.3.1/../../../../arm-none-eabi/lib/thumb/v6-m\libc_nano.a(lib_a-memset.o)
                0x0800294c                memset
 *(.glue_7)
 .glue_7        0x0800295c        0x0 linker stubs
 *(.glue_7t)
 .glue_7t       0x0800295c        0x0 linker stubs
 *(.eh_frame)
 .eh_frame      0x0800295c        0x0 c:/ac6/systemworkbench/plugins/fr.ac6.mcu.externaltools.arm-none.win32_1.17.0.201812190825/tools/compiler/bin/../lib/gcc/arm-none-eabi/7.3.1/thumb/v6-m/crtbegin.o
 *(.init)
 .init          0x0800295c        0x4 c:/ac6/systemworkbench/plugins/fr.ac6.mcu.externaltools.arm-none.win32_1.17.0.201812190825/tools/compiler/bin/../lib/gcc/arm-none-eabi/7.3.1/thumb/v6-m/crti.o
                0x0800295c                _init
 .init          0x08002960        0x8 c:/ac6/systemworkbench/plugins/fr.ac6.mcu.externaltools.arm-none.win32_1.17.0.201812190825/tools/compiler/bin/../lib/gcc/arm-none-eabi/7.3.1/thumb/v6-m/crtn.o
 *(.fini)
 .fini          0x08002968        0x4 c:/ac6/systemworkbench/plugins/fr.ac6.mcu.externaltools.arm-none.win32_1.17.0.201812190825/tools/compiler/bin/../lib/gcc/arm-none-eabi/7.3.1/thumb/v6-m/crti.o
                0x08002968                _fini
 .fini          0x0800296c        0x8 c:/ac6/systemworkbench/plugins/fr.ac6.mcu.externaltools.arm-none.win32_1.17.0.201812190825/tools/compiler/bin/../lib/gcc/arm-none-eabi/7.3.1/thumb/v6-m/crtn.o
                0x08002974                . = ALIGN (0x4)
                0x08002974                _etext = .

.vfp11_veneer   0x08002974        0x0
 .vfp11_veneer  0x08002974        0x0 linker stubs

.v4_bx          0x08002974        0x0
 .v4_bx         0x08002974        0x0 linker stubs

.iplt           0x08002974        0x0
 .iplt          0x08002974        0x0 c:/ac6/systemworkbench/plugins/fr.ac6.mcu.externaltools.arm-none.win32_1.17.0.201812190825/tools/compiler/bin/../lib/gcc/arm-none-eabi/7.3.1/thumb/v6-m/crtbegin.o

.rodata         0x08002974       0x84
                0x08002974                . = ALIGN (0x4)
 *(.rodata)
 .rodata        0x08002974       0x60 Src/matrixDisplay.o
 .rodata        0x080029d4       0x24 Src/system_stm32l0xx.o
                0x080029d4                PLLMulTable
                0x080029e0                AHBPrescTable
                0x080029f0                APBPrescTable
 *(.rodata*)
                0x080029f8                . = ALIGN (0x4)

.rel.dyn        0x080029f8        0x0
 .rel.iplt      0x080029f8        0x0 c:/ac6/systemworkbench/plugins/fr.ac6.mcu.externaltools.arm-none.win32_1.17.0.201812190825/tools/compiler/bin/../lib/gcc/arm-none-eabi/7.3.1/thumb/v6-m/crtbegin.o

.ARM.extab
 *(.ARM.extab* .gnu.linkonce.armextab.*)

.ARM            0x080029f8        0x0
                0x080029f8                __exidx_start = .
 *(.ARM.exidx*)
                0x080029f8                __exidx_end = .

.preinit_array  0x080029f8        0x0
                0x080029f8                PROVIDE (__preinit_array_start = .)
 *(.preinit_array*)
                0x080029f8                PROVIDE (__preinit_array_end = .)

.init_array     0x080029f8        0x4
                0x080029f8                PROVIDE (__init_array_start = .)
 *(SORT_BY_NAME(.init_array.*))
 *(.init_array*)
 .init_array    0x080029f8        0x4 c:/ac6/systemworkbench/plugins/fr.ac6.mcu.externaltools.arm-none.win32_1.17.0.201812190825/tools/compiler/bin/../lib/gcc/arm-none-eabi/7.3.1/thumb/v6-m/crtbegin.o
                0x080029fc                PROVIDE (__init_array_end = .)

.fini_array     0x080029fc        0x4
                [!provide]                PROVIDE (__fini_array_start = .)
 *(SORT_BY_NAME(.fini_array.*))
 *(.fini_array*)
 .fini_array    0x080029fc        0x4 c:/ac6/systemworkbench/plugins/fr.ac6.mcu.externaltools.arm-none.win32_1.17.0.201812190825/tools/compiler/bin/../lib/gcc/arm-none-eabi/7.3.1/thumb/v6-m/crtbegin.o
                [!provide]                PROVIDE (__fini_array_end = .)
                0x08002a00                _sidata = LOADADDR (.data)

.data           0x20000000        0x4 load address 0x08002a00
                0x20000000                . = ALIGN (0x4)
                0x20000000                _sdata = .
 *(.data)
 .data          0x20000000        0x4 Src/system_stm32l0xx.o
                0x20000000                SystemCoreClock
 *(.data*)
                0x20000004                . = ALIGN (0x4)
                0x20000004                _edata = .

.igot.plt       0x20000004        0x0 load address 0x08002a04
 .igot.plt      0x20000004        0x0 c:/ac6/systemworkbench/plugins/fr.ac6.mcu.externaltools.arm-none.win32_1.17.0.201812190825/tools/compiler/bin/../lib/gcc/arm-none-eabi/7.3.1/thumb/v6-m/crtbegin.o
                0x20000004                . = ALIGN (0x4)

.bss            0x20000004      0x33c load address 0x08002a04
                0x20000004                _sbss = .
                0x20000004                __bss_start__ = _sbss
 *(.bss)
 .bss           0x20000004       0x1c c:/ac6/systemworkbench/plugins/fr.ac6.mcu.externaltools.arm-none.win32_1.17.0.201812190825/tools/compiler/bin/../lib/gcc/arm-none-eabi/7.3.1/thumb/v6-m/crtbegin.o
 *(.bss*)
 *(COMMON)
 COMMON         0x20000020        0x4 Drivers/STM32L0xx_HAL_Driver/Src/stm32l0xx_hal.o
                0x20000020                uwTick
 COMMON         0x20000024      0x31c Src/main.o
                0x20000024                gDate
                0x20000038                subseconds
                0x2000003c                rpt
                0x20000040                settingsLevel
                0x20000044                sTime
                0x20000058                startFlag
                0x20000059                columnBusyFlag
                0x2000005a                minRpt
                0x2000005b                displayBusyFlag
                0x2000005c                mode
                0x20000060                screenMatrix
                0x20000204                pulses
                0x20000208                gTime
                0x2000021c                rotatesCounter
                0x20000220                forceMode
                0x20000224                sDate
                0x20000238                hrtc
                0x2000025c                columnTime
                0x20000260                workingTime
                0x20000261                seconds
                0x20000262                workingCounter
                0x20000264                htim2
                0x200002a0                rotateTime
                0x200002a4                hadc
                0x20000300                minutes
                0x20000301                hours
                0x20000302                contacts
                0x20000304                htim21
                0x20000340                . = ALIGN (0x4)
                0x20000340                _ebss = .
                0x20000340                __bss_end__ = _ebss

._user_heap_stack
                0x20000340      0x600 load address 0x08002a04
                0x20000340                . = ALIGN (0x8)
                0x20000340                PROVIDE (end = .)
                [!provide]                PROVIDE (_end = .)
                0x20000540                . = (. + _Min_Heap_Size)
 *fill*         0x20000340      0x200 
                0x20000940                . = (. + _Min_Stack_Size)
 *fill*         0x20000540      0x400 
                0x20000940                . = ALIGN (0x8)

/DISCARD/
 libc.a(*)
 libm.a(*)
 libgcc.a(*)

.ARM.attributes
                0x00000000       0x28
 *(.ARM.attributes)
 .ARM.attributes
                0x00000000       0x1e c:/ac6/systemworkbench/plugins/fr.ac6.mcu.externaltools.arm-none.win32_1.17.0.201812190825/tools/compiler/bin/../lib/gcc/arm-none-eabi/7.3.1/thumb/v6-m/crti.o
 .ARM.attributes
                0x0000001e       0x2c c:/ac6/systemworkbench/plugins/fr.ac6.mcu.externaltools.arm-none.win32_1.17.0.201812190825/tools/compiler/bin/../lib/gcc/arm-none-eabi/7.3.1/thumb/v6-m/crtbegin.o
 .ARM.attributes
                0x0000004a       0x32 Drivers/STM32L0xx_HAL_Driver/Src/stm32l0xx_hal.o
 .ARM.attributes
                0x0000007c       0x32 Drivers/STM32L0xx_HAL_Driver/Src/stm32l0xx_hal_adc.o
 .ARM.attributes
                0x000000ae       0x32 Drivers/STM32L0xx_HAL_Driver/Src/stm32l0xx_hal_cortex.o
 .ARM.attributes
                0x000000e0       0x32 Drivers/STM32L0xx_HAL_Driver/Src/stm32l0xx_hal_gpio.o
 .ARM.attributes
                0x00000112       0x32 Drivers/STM32L0xx_HAL_Driver/Src/stm32l0xx_hal_pwr.o
 .ARM.attributes
                0x00000144       0x32 Drivers/STM32L0xx_HAL_Driver/Src/stm32l0xx_hal_rcc.o
 .ARM.attributes
                0x00000176       0x32 Drivers/STM32L0xx_HAL_Driver/Src/stm32l0xx_hal_rcc_ex.o
 .ARM.attributes
                0x000001a8       0x32 Drivers/STM32L0xx_HAL_Driver/Src/stm32l0xx_hal_rtc.o
 .ARM.attributes
                0x000001da       0x32 Drivers/STM32L0xx_HAL_Driver/Src/stm32l0xx_hal_tim.o
 .ARM.attributes
                0x0000020c       0x32 Drivers/STM32L0xx_HAL_Driver/Src/stm32l0xx_hal_tim_ex.o
 .ARM.attributes
                0x0000023e       0x32 Src/main.o
 .ARM.attributes
                0x00000270       0x32 Src/matrixDisplay.o
 .ARM.attributes
                0x000002a2       0x32 Src/rtc.o
 .ARM.attributes
                0x000002d4       0x32 Src/stm32l0xx_hal_msp.o
 .ARM.attributes
                0x00000306       0x32 Src/stm32l0xx_it.o
 .ARM.attributes
                0x00000338       0x32 Src/system_stm32l0xx.o
 .ARM.attributes
                0x0000036a       0x22 startup/startup_stm32l041xx.o
 .ARM.attributes
                0x0000038c       0x1e c:/ac6/systemworkbench/plugins/fr.ac6.mcu.externaltools.arm-none.win32_1.17.0.201812190825/tools/compiler/bin/../lib/gcc/arm-none-eabi/7.3.1/thumb/v6-m\libgcc.a(_udivsi3.o)
 .ARM.attributes
                0x000003aa       0x1e c:/ac6/systemworkbench/plugins/fr.ac6.mcu.externaltools.arm-none.win32_1.17.0.201812190825/tools/compiler/bin/../lib/gcc/arm-none-eabi/7.3.1/thumb/v6-m\libgcc.a(_dvmd_tls.o)
 .ARM.attributes
                0x000003c8       0x2c c:/ac6/systemworkbench/plugins/fr.ac6.mcu.externaltools.arm-none.win32_1.17.0.201812190825/tools/compiler/bin/../lib/gcc/arm-none-eabi/7.3.1/../../../../arm-none-eabi/lib/thumb/v6-m\libc_nano.a(lib_a-init.o)
 .ARM.attributes
                0x000003f4       0x2c c:/ac6/systemworkbench/plugins/fr.ac6.mcu.externaltools.arm-none.win32_1.17.0.201812190825/tools/compiler/bin/../lib/gcc/arm-none-eabi/7.3.1/../../../../arm-none-eabi/lib/thumb/v6-m\libc_nano.a(lib_a-memset.o)
 .ARM.attributes
                0x00000420       0x1e c:/ac6/systemworkbench/plugins/fr.ac6.mcu.externaltools.arm-none.win32_1.17.0.201812190825/tools/compiler/bin/../lib/gcc/arm-none-eabi/7.3.1/thumb/v6-m/crtn.o
OUTPUT(Spinner.elf elf32-littlearm)

.debug_info     0x00000000     0xd69c
 .debug_info    0x00000000      0x7f2 Drivers/STM32L0xx_HAL_Driver/Src/stm32l0xx_hal.o
 .debug_info    0x000007f2      0xf2c Drivers/STM32L0xx_HAL_Driver/Src/stm32l0xx_hal_adc.o
 .debug_info    0x0000171e      0x7b9 Drivers/STM32L0xx_HAL_Driver/Src/stm32l0xx_hal_cortex.o
 .debug_info    0x00001ed7      0x6cc Drivers/STM32L0xx_HAL_Driver/Src/stm32l0xx_hal_gpio.o
 .debug_info    0x000025a3      0x670 Drivers/STM32L0xx_HAL_Driver/Src/stm32l0xx_hal_pwr.o
 .debug_info    0x00002c13      0xb6e Drivers/STM32L0xx_HAL_Driver/Src/stm32l0xx_hal_rcc.o
 .debug_info    0x00003781      0x56e Drivers/STM32L0xx_HAL_Driver/Src/stm32l0xx_hal_rcc_ex.o
 .debug_info    0x00003cef      0xd7b Drivers/STM32L0xx_HAL_Driver/Src/stm32l0xx_hal_rtc.o
 .debug_info    0x00004a6a     0x3009 Drivers/STM32L0xx_HAL_Driver/Src/stm32l0xx_hal_tim.o
 .debug_info    0x00007a73      0x68b Drivers/STM32L0xx_HAL_Driver/Src/stm32l0xx_hal_tim_ex.o
 .debug_info    0x000080fe     0x1fac Src/main.o
 .debug_info    0x0000a0aa     0x1650 Src/matrixDisplay.o
 .debug_info    0x0000b6fa      0x576 Src/rtc.o
 .debug_info    0x0000bc70      0xf80 Src/stm32l0xx_hal_msp.o
 .debug_info    0x0000cbf0      0x6f5 Src/stm32l0xx_it.o
 .debug_info    0x0000d2e5      0x395 Src/system_stm32l0xx.o
 .debug_info    0x0000d67a       0x22 startup/startup_stm32l041xx.o

.debug_abbrev   0x00000000     0x1f00
 .debug_abbrev  0x00000000      0x236 Drivers/STM32L0xx_HAL_Driver/Src/stm32l0xx_hal.o
 .debug_abbrev  0x00000236      0x22b Drivers/STM32L0xx_HAL_Driver/Src/stm32l0xx_hal_adc.o
 .debug_abbrev  0x00000461      0x227 Drivers/STM32L0xx_HAL_Driver/Src/stm32l0xx_hal_cortex.o
 .debug_abbrev  0x00000688      0x1cf Drivers/STM32L0xx_HAL_Driver/Src/stm32l0xx_hal_gpio.o
 .debug_abbrev  0x00000857      0x1ab Drivers/STM32L0xx_HAL_Driver/Src/stm32l0xx_hal_pwr.o
 .debug_abbrev  0x00000a02      0x27b Drivers/STM32L0xx_HAL_Driver/Src/stm32l0xx_hal_rcc.o
 .debug_abbrev  0x00000c7d      0x1e3 Drivers/STM32L0xx_HAL_Driver/Src/stm32l0xx_hal_rcc_ex.o
 .debug_abbrev  0x00000e60      0x1ee Drivers/STM32L0xx_HAL_Driver/Src/stm32l0xx_hal_rtc.o
 .debug_abbrev  0x0000104e      0x224 Drivers/STM32L0xx_HAL_Driver/Src/stm32l0xx_hal_tim.o
 .debug_abbrev  0x00001272      0x1ab Drivers/STM32L0xx_HAL_Driver/Src/stm32l0xx_hal_tim_ex.o
 .debug_abbrev  0x0000141d      0x26d Src/main.o
 .debug_abbrev  0x0000168a      0x270 Src/matrixDisplay.o
 .debug_abbrev  0x000018fa      0x153 Src/rtc.o
 .debug_abbrev  0x00001a4d      0x203 Src/stm32l0xx_hal_msp.o
 .debug_abbrev  0x00001c50      0x18d Src/stm32l0xx_it.o
 .debug_abbrev  0x00001ddd      0x111 Src/system_stm32l0xx.o
 .debug_abbrev  0x00001eee       0x12 startup/startup_stm32l041xx.o

.debug_loc      0x00000000     0x69e9
 .debug_loc     0x00000000      0x12c Drivers/STM32L0xx_HAL_Driver/Src/stm32l0xx_hal.o
 .debug_loc     0x0000012c      0xbbe Drivers/STM32L0xx_HAL_Driver/Src/stm32l0xx_hal_adc.o
 .debug_loc     0x00000cea      0x393 Drivers/STM32L0xx_HAL_Driver/Src/stm32l0xx_hal_cortex.o
 .debug_loc     0x0000107d      0x2d1 Drivers/STM32L0xx_HAL_Driver/Src/stm32l0xx_hal_gpio.o
 .debug_loc     0x0000134e      0x101 Drivers/STM32L0xx_HAL_Driver/Src/stm32l0xx_hal_pwr.o
 .debug_loc     0x0000144f      0x576 Drivers/STM32L0xx_HAL_Driver/Src/stm32l0xx_hal_rcc.o
 .debug_loc     0x000019c5      0x614 Drivers/STM32L0xx_HAL_Driver/Src/stm32l0xx_hal_rcc_ex.o
 .debug_loc     0x00001fd9      0x9db Drivers/STM32L0xx_HAL_Driver/Src/stm32l0xx_hal_rtc.o
 .debug_loc     0x000029b4     0x3939 Drivers/STM32L0xx_HAL_Driver/Src/stm32l0xx_hal_tim.o
 .debug_loc     0x000062ed       0xc7 Drivers/STM32L0xx_HAL_Driver/Src/stm32l0xx_hal_tim_ex.o
 .debug_loc     0x000063b4      0x119 Src/main.o
 .debug_loc     0x000064cd      0x263 Src/matrixDisplay.o
 .debug_loc     0x00006730      0x117 Src/stm32l0xx_hal_msp.o
 .debug_loc     0x00006847      0x1a2 Src/system_stm32l0xx.o

.debug_aranges  0x00000000      0xac0
 .debug_aranges
                0x00000000       0xf8 Drivers/STM32L0xx_HAL_Driver/Src/stm32l0xx_hal.o
 .debug_aranges
                0x000000f8      0x100 Drivers/STM32L0xx_HAL_Driver/Src/stm32l0xx_hal_adc.o
 .debug_aranges
                0x000001f8       0x78 Drivers/STM32L0xx_HAL_Driver/Src/stm32l0xx_hal_cortex.o
 .debug_aranges
                0x00000270       0x58 Drivers/STM32L0xx_HAL_Driver/Src/stm32l0xx_hal_gpio.o
 .debug_aranges
                0x000002c8       0xa0 Drivers/STM32L0xx_HAL_Driver/Src/stm32l0xx_hal_pwr.o
 .debug_aranges
                0x00000368       0x80 Drivers/STM32L0xx_HAL_Driver/Src/stm32l0xx_hal_rcc.o
 .debug_aranges
                0x000003e8       0x58 Drivers/STM32L0xx_HAL_Driver/Src/stm32l0xx_hal_rcc_ex.o
 .debug_aranges
                0x00000440       0xb8 Drivers/STM32L0xx_HAL_Driver/Src/stm32l0xx_hal_rtc.o
 .debug_aranges
                0x000004f8      0x3a8 Drivers/STM32L0xx_HAL_Driver/Src/stm32l0xx_hal_tim.o
 .debug_aranges
                0x000008a0       0x28 Drivers/STM32L0xx_HAL_Driver/Src/stm32l0xx_hal_tim_ex.o
 .debug_aranges
                0x000008c8       0x58 Src/main.o
 .debug_aranges
                0x00000920       0x70 Src/matrixDisplay.o
 .debug_aranges
                0x00000990       0x28 Src/rtc.o
 .debug_aranges
                0x000009b8       0x50 Src/stm32l0xx_hal_msp.o
 .debug_aranges
                0x00000a08       0x68 Src/stm32l0xx_it.o
 .debug_aranges
                0x00000a70       0x28 Src/system_stm32l0xx.o
 .debug_aranges
                0x00000a98       0x28 startup/startup_stm32l041xx.o

.debug_ranges   0x00000000      0xaa8
 .debug_ranges  0x00000000       0xe8 Drivers/STM32L0xx_HAL_Driver/Src/stm32l0xx_hal.o
 .debug_ranges  0x000000e8       0xf0 Drivers/STM32L0xx_HAL_Driver/Src/stm32l0xx_hal_adc.o
 .debug_ranges  0x000001d8       0xb0 Drivers/STM32L0xx_HAL_Driver/Src/stm32l0xx_hal_cortex.o
 .debug_ranges  0x00000288       0x48 Drivers/STM32L0xx_HAL_Driver/Src/stm32l0xx_hal_gpio.o
 .debug_ranges  0x000002d0       0x90 Drivers/STM32L0xx_HAL_Driver/Src/stm32l0xx_hal_pwr.o
 .debug_ranges  0x00000360       0xa0 Drivers/STM32L0xx_HAL_Driver/Src/stm32l0xx_hal_rcc.o
 .debug_ranges  0x00000400       0x60 Drivers/STM32L0xx_HAL_Driver/Src/stm32l0xx_hal_rcc_ex.o
 .debug_ranges  0x00000460       0xa8 Drivers/STM32L0xx_HAL_Driver/Src/stm32l0xx_hal_rtc.o
 .debug_ranges  0x00000508      0x398 Drivers/STM32L0xx_HAL_Driver/Src/stm32l0xx_hal_tim.o
 .debug_ranges  0x000008a0       0x18 Drivers/STM32L0xx_HAL_Driver/Src/stm32l0xx_hal_tim_ex.o
 .debug_ranges  0x000008b8       0x60 Src/main.o
 .debug_ranges  0x00000918       0xa8 Src/matrixDisplay.o
 .debug_ranges  0x000009c0       0x18 Src/rtc.o
 .debug_ranges  0x000009d8       0x40 Src/stm32l0xx_hal_msp.o
 .debug_ranges  0x00000a18       0x58 Src/stm32l0xx_it.o
 .debug_ranges  0x00000a70       0x18 Src/system_stm32l0xx.o
 .debug_ranges  0x00000a88       0x20 startup/startup_stm32l041xx.o

.debug_macro    0x00000000    0x11c24
 .debug_macro   0x00000000      0x1f5 Drivers/STM32L0xx_HAL_Driver/Src/stm32l0xx_hal.o
 .debug_macro   0x000001f5      0xa4e Drivers/STM32L0xx_HAL_Driver/Src/stm32l0xx_hal.o
 .debug_macro   0x00000c43       0xa7 Drivers/STM32L0xx_HAL_Driver/Src/stm32l0xx_hal.o
 .debug_macro   0x00000cea       0x2e Drivers/STM32L0xx_HAL_Driver/Src/stm32l0xx_hal.o
 .debug_macro   0x00000d18       0x28 Drivers/STM32L0xx_HAL_Driver/Src/stm32l0xx_hal.o
 .debug_macro   0x00000d40       0x22 Drivers/STM32L0xx_HAL_Driver/Src/stm32l0xx_hal.o
 .debug_macro   0x00000d62       0x8e Drivers/STM32L0xx_HAL_Driver/Src/stm32l0xx_hal.o
 .debug_macro   0x00000df0       0x51 Drivers/STM32L0xx_HAL_Driver/Src/stm32l0xx_hal.o
 .debug_macro   0x00000e41       0xef Drivers/STM32L0xx_HAL_Driver/Src/stm32l0xx_hal.o
 .debug_macro   0x00000f30       0x6a Drivers/STM32L0xx_HAL_Driver/Src/stm32l0xx_hal.o
 .debug_macro   0x00000f9a      0x1df Drivers/STM32L0xx_HAL_Driver/Src/stm32l0xx_hal.o
 .debug_macro   0x00001179       0x34 Drivers/STM32L0xx_HAL_Driver/Src/stm32l0xx_hal.o
 .debug_macro   0x000011ad       0x26 Drivers/STM32L0xx_HAL_Driver/Src/stm32l0xx_hal.o
 .debug_macro   0x000011d3      0x329 Drivers/STM32L0xx_HAL_Driver/Src/stm32l0xx_hal.o
 .debug_macro   0x000014fc     0x8153 Drivers/STM32L0xx_HAL_Driver/Src/stm32l0xx_hal.o
 .debug_macro   0x0000964f       0x3c Drivers/STM32L0xx_HAL_Driver/Src/stm32l0xx_hal.o
 .debug_macro   0x0000968b     0x352c Drivers/STM32L0xx_HAL_Driver/Src/stm32l0xx_hal.o
 .debug_macro   0x0000cbb7      0x174 Drivers/STM32L0xx_HAL_Driver/Src/stm32l0xx_hal.o
 .debug_macro   0x0000cd2b       0x4f Drivers/STM32L0xx_HAL_Driver/Src/stm32l0xx_hal.o
 .debug_macro   0x0000cd7a      0x8ae Drivers/STM32L0xx_HAL_Driver/Src/stm32l0xx_hal.o
 .debug_macro   0x0000d628      0x4ba Drivers/STM32L0xx_HAL_Driver/Src/stm32l0xx_hal.o
 .debug_macro   0x0000dae2      0x13f Drivers/STM32L0xx_HAL_Driver/Src/stm32l0xx_hal.o
 .debug_macro   0x0000dc21      0x10d Drivers/STM32L0xx_HAL_Driver/Src/stm32l0xx_hal.o
 .debug_macro   0x0000dd2e      0x295 Drivers/STM32L0xx_HAL_Driver/Src/stm32l0xx_hal.o
 .debug_macro   0x0000dfc3       0x28 Drivers/STM32L0xx_HAL_Driver/Src/stm32l0xx_hal.o
 .debug_macro   0x0000dfeb      0x4e1 Drivers/STM32L0xx_HAL_Driver/Src/stm32l0xx_hal.o
 .debug_macro   0x0000e4cc       0x6b Drivers/STM32L0xx_HAL_Driver/Src/stm32l0xx_hal.o
 .debug_macro   0x0000e537      0x129 Drivers/STM32L0xx_HAL_Driver/Src/stm32l0xx_hal.o
 .debug_macro   0x0000e660      0x244 Drivers/STM32L0xx_HAL_Driver/Src/stm32l0xx_hal.o
 .debug_macro   0x0000e8a4      0x22c Drivers/STM32L0xx_HAL_Driver/Src/stm32l0xx_hal.o
 .debug_macro   0x0000ead0       0x5b Drivers/STM32L0xx_HAL_Driver/Src/stm32l0xx_hal.o
 .debug_macro   0x0000eb2b       0xa5 Drivers/STM32L0xx_HAL_Driver/Src/stm32l0xx_hal.o
 .debug_macro   0x0000ebd0      0x18d Drivers/STM32L0xx_HAL_Driver/Src/stm32l0xx_hal.o
 .debug_macro   0x0000ed5d       0x16 Drivers/STM32L0xx_HAL_Driver/Src/stm32l0xx_hal.o
 .debug_macro   0x0000ed73      0x30c Drivers/STM32L0xx_HAL_Driver/Src/stm32l0xx_hal.o
 .debug_macro   0x0000f07f      0x418 Drivers/STM32L0xx_HAL_Driver/Src/stm32l0xx_hal.o
 .debug_macro   0x0000f497       0xdd Drivers/STM32L0xx_HAL_Driver/Src/stm32l0xx_hal.o
 .debug_macro   0x0000f574      0x734 Drivers/STM32L0xx_HAL_Driver/Src/stm32l0xx_hal.o
 .debug_macro   0x0000fca8       0xc6 Drivers/STM32L0xx_HAL_Driver/Src/stm32l0xx_hal.o
 .debug_macro   0x0000fd6e      0x121 Drivers/STM32L0xx_HAL_Driver/Src/stm32l0xx_hal.o
 .debug_macro   0x0000fe8f      0x1e0 Drivers/STM32L0xx_HAL_Driver/Src/stm32l0xx_hal_adc.o
 .debug_macro   0x0001006f      0x1d1 Drivers/STM32L0xx_HAL_Driver/Src/stm32l0xx_hal_cortex.o
 .debug_macro   0x00010240      0x209 Drivers/STM32L0xx_HAL_Driver/Src/stm32l0xx_hal_gpio.o
 .debug_macro   0x00010449      0x1e9 Drivers/STM32L0xx_HAL_Driver/Src/stm32l0xx_hal_pwr.o
 .debug_macro   0x00010632      0x207 Drivers/STM32L0xx_HAL_Driver/Src/stm32l0xx_hal_rcc.o
 .debug_macro   0x00010839      0x1d1 Drivers/STM32L0xx_HAL_Driver/Src/stm32l0xx_hal_rcc_ex.o
 .debug_macro   0x00010a0a      0x1d2 Drivers/STM32L0xx_HAL_Driver/Src/stm32l0xx_hal_rtc.o
 .debug_macro   0x00010bdc      0x1d2 Drivers/STM32L0xx_HAL_Driver/Src/stm32l0xx_hal_tim.o
 .debug_macro   0x00010dae      0x1d1 Drivers/STM32L0xx_HAL_Driver/Src/stm32l0xx_hal_tim_ex.o
 .debug_macro   0x00010f7f      0x1f7 Src/main.o
 .debug_macro   0x00011176       0xa6 Src/main.o
 .debug_macro   0x0001121c       0x82 Src/main.o
 .debug_macro   0x0001129e      0x1f7 Src/matrixDisplay.o
 .debug_macro   0x00011495      0x1ee Src/rtc.o
 .debug_macro   0x00011683      0x1e0 Src/stm32l0xx_hal_msp.o
 .debug_macro   0x00011863      0x1ea Src/stm32l0xx_it.o
 .debug_macro   0x00011a4d      0x1d7 Src/system_stm32l0xx.o

.debug_line     0x00000000     0x956d
 .debug_line    0x00000000      0x8c6 Drivers/STM32L0xx_HAL_Driver/Src/stm32l0xx_hal.o
 .debug_line    0x000008c6      0xbbb Drivers/STM32L0xx_HAL_Driver/Src/stm32l0xx_hal_adc.o
 .debug_line    0x00001481      0x822 Drivers/STM32L0xx_HAL_Driver/Src/stm32l0xx_hal_cortex.o
 .debug_line    0x00001ca3      0x805 Drivers/STM32L0xx_HAL_Driver/Src/stm32l0xx_hal_gpio.o
 .debug_line    0x000024a8      0x83a Drivers/STM32L0xx_HAL_Driver/Src/stm32l0xx_hal_pwr.o
 .debug_line    0x00002ce2      0x9c0 Drivers/STM32L0xx_HAL_Driver/Src/stm32l0xx_hal_rcc.o
 .debug_line    0x000036a2      0x85c Drivers/STM32L0xx_HAL_Driver/Src/stm32l0xx_hal_rcc_ex.o
 .debug_line    0x00003efe      0xa70 Drivers/STM32L0xx_HAL_Driver/Src/stm32l0xx_hal_rtc.o
 .debug_line    0x0000496e     0x1665 Drivers/STM32L0xx_HAL_Driver/Src/stm32l0xx_hal_tim.o
 .debug_line    0x00005fd3      0x738 Drivers/STM32L0xx_HAL_Driver/Src/stm32l0xx_hal_tim_ex.o
 .debug_line    0x0000670b      0x899 Src/main.o
 .debug_line    0x00006fa4      0x8d0 Src/matrixDisplay.o
 .debug_line    0x00007874      0x6c7 Src/rtc.o
 .debug_line    0x00007f3b      0x76d Src/stm32l0xx_hal_msp.o
 .debug_line    0x000086a8      0x760 Src/stm32l0xx_it.o
 .debug_line    0x00008e08      0x6e2 Src/system_stm32l0xx.o
 .debug_line    0x000094ea       0x83 startup/startup_stm32l041xx.o

.debug_str      0x00000000    0x6efab
 .debug_str     0x00000000    0x6bd0c Drivers/STM32L0xx_HAL_Driver/Src/stm32l0xx_hal.o
                              0x6c194 (size before relaxing)
 .debug_str     0x0006bd0c      0x748 Drivers/STM32L0xx_HAL_Driver/Src/stm32l0xx_hal_adc.o
                              0x6c2a1 (size before relaxing)
 .debug_str     0x0006c454      0x1b9 Drivers/STM32L0xx_HAL_Driver/Src/stm32l0xx_hal_cortex.o
                              0x6beac (size before relaxing)
 .debug_str     0x0006c60d      0x2c6 Drivers/STM32L0xx_HAL_Driver/Src/stm32l0xx_hal_gpio.o
                              0x6be6a (size before relaxing)
 .debug_str     0x0006c8d3      0x2ac Drivers/STM32L0xx_HAL_Driver/Src/stm32l0xx_hal_pwr.o
                              0x6be36 (size before relaxing)
 .debug_str     0x0006cb7f      0x416 Drivers/STM32L0xx_HAL_Driver/Src/stm32l0xx_hal_rcc.o
                              0x6c083 (size before relaxing)
 .debug_str     0x0006cf95      0x1da Drivers/STM32L0xx_HAL_Driver/Src/stm32l0xx_hal_rcc_ex.o
                              0x6bdb1 (size before relaxing)
 .debug_str     0x0006d16f      0x446 Drivers/STM32L0xx_HAL_Driver/Src/stm32l0xx_hal_rtc.o
                              0x6bfae (size before relaxing)
 .debug_str     0x0006d5b5      0xef0 Drivers/STM32L0xx_HAL_Driver/Src/stm32l0xx_hal_tim.o
                              0x6ccdf (size before relaxing)
 .debug_str     0x0006e4a5       0xc1 Drivers/STM32L0xx_HAL_Driver/Src/stm32l0xx_hal_tim_ex.o
                              0x6bf48 (size before relaxing)
 .debug_str     0x0006e566      0x80a Src/main.o
                              0x6d131 (size before relaxing)
 .debug_str     0x0006ed70       0x69 Src/matrixDisplay.o
                              0x6c8d8 (size before relaxing)
 .debug_str     0x0006edd9        0xd Src/rtc.o
                              0x6bf63 (size before relaxing)
 .debug_str     0x0006ede6       0x25 Src/stm32l0xx_hal_msp.o
                              0x6c75a (size before relaxing)
 .debug_str     0x0006ee0b       0xcc Src/stm32l0xx_it.o
                              0x6c189 (size before relaxing)
 .debug_str     0x0006eed7       0x72 Src/system_stm32l0xx.o
                              0x6bbb5 (size before relaxing)
 .debug_str     0x0006ef49       0x62 startup/startup_stm32l041xx.o

.comment        0x00000000       0x7f
 .comment       0x00000000       0x7f Drivers/STM32L0xx_HAL_Driver/Src/stm32l0xx_hal.o
                                 0x80 (size before relaxing)
 .comment       0x0000007f       0x80 Drivers/STM32L0xx_HAL_Driver/Src/stm32l0xx_hal_adc.o
 .comment       0x0000007f       0x80 Drivers/STM32L0xx_HAL_Driver/Src/stm32l0xx_hal_cortex.o
 .comment       0x0000007f       0x80 Drivers/STM32L0xx_HAL_Driver/Src/stm32l0xx_hal_gpio.o
 .comment       0x0000007f       0x80 Drivers/STM32L0xx_HAL_Driver/Src/stm32l0xx_hal_pwr.o
 .comment       0x0000007f       0x80 Drivers/STM32L0xx_HAL_Driver/Src/stm32l0xx_hal_rcc.o
 .comment       0x0000007f       0x80 Drivers/STM32L0xx_HAL_Driver/Src/stm32l0xx_hal_rcc_ex.o
 .comment       0x0000007f       0x80 Drivers/STM32L0xx_HAL_Driver/Src/stm32l0xx_hal_rtc.o
 .comment       0x0000007f       0x80 Drivers/STM32L0xx_HAL_Driver/Src/stm32l0xx_hal_tim.o
 .comment       0x0000007f       0x80 Drivers/STM32L0xx_HAL_Driver/Src/stm32l0xx_hal_tim_ex.o
 .comment       0x0000007f       0x80 Src/main.o
 .comment       0x0000007f       0x80 Src/matrixDisplay.o
 .comment       0x0000007f       0x80 Src/rtc.o
 .comment       0x0000007f       0x80 Src/stm32l0xx_hal_msp.o
 .comment       0x0000007f       0x80 Src/stm32l0xx_it.o
 .comment       0x0000007f       0x80 Src/system_stm32l0xx.o

.debug_frame    0x00000000     0x1a70
 .debug_frame   0x00000000      0x1f4 Drivers/STM32L0xx_HAL_Driver/Src/stm32l0xx_hal.o
 .debug_frame   0x000001f4      0x2bc Drivers/STM32L0xx_HAL_Driver/Src/stm32l0xx_hal_adc.o
 .debug_frame   0x000004b0       0xe4 Drivers/STM32L0xx_HAL_Driver/Src/stm32l0xx_hal_cortex.o
 .debug_frame   0x00000594       0xc8 Drivers/STM32L0xx_HAL_Driver/Src/stm32l0xx_hal_gpio.o
 .debug_frame   0x0000065c      0x138 Drivers/STM32L0xx_HAL_Driver/Src/stm32l0xx_hal_pwr.o
 .debug_frame   0x00000794      0x144 Drivers/STM32L0xx_HAL_Driver/Src/stm32l0xx_hal_rcc.o
 .debug_frame   0x000008d8       0xac Drivers/STM32L0xx_HAL_Driver/Src/stm32l0xx_hal_rcc_ex.o
 .debug_frame   0x00000984      0x208 Drivers/STM32L0xx_HAL_Driver/Src/stm32l0xx_hal_rtc.o
 .debug_frame   0x00000b8c      0xa28 Drivers/STM32L0xx_HAL_Driver/Src/stm32l0xx_hal_tim.o
 .debug_frame   0x000015b4       0x40 Drivers/STM32L0xx_HAL_Driver/Src/stm32l0xx_hal_tim_ex.o
 .debug_frame   0x000015f4       0xec Src/main.o
 .debug_frame   0x000016e0      0x120 Src/matrixDisplay.o
 .debug_frame   0x00001800       0x48 Src/rtc.o
 .debug_frame   0x00001848       0xa4 Src/stm32l0xx_hal_msp.o
 .debug_frame   0x000018ec       0xe0 Src/stm32l0xx_it.o
 .debug_frame   0x000019cc       0x38 Src/system_stm32l0xx.o
 .debug_frame   0x00001a04       0x20 c:/ac6/systemworkbench/plugins/fr.ac6.mcu.externaltools.arm-none.win32_1.17.0.201812190825/tools/compiler/bin/../lib/gcc/arm-none-eabi/7.3.1/thumb/v6-m\libgcc.a(_udivsi3.o)
 .debug_frame   0x00001a24       0x2c c:/ac6/systemworkbench/plugins/fr.ac6.mcu.externaltools.arm-none.win32_1.17.0.201812190825/tools/compiler/bin/../lib/gcc/arm-none-eabi/7.3.1/../../../../arm-none-eabi/lib/thumb/v6-m\libc_nano.a(lib_a-init.o)
 .debug_frame   0x00001a50       0x20 c:/ac6/systemworkbench/plugins/fr.ac6.mcu.externaltools.arm-none.win32_1.17.0.201812190825/tools/compiler/bin/../lib/gcc/arm-none-eabi/7.3.1/../../../../arm-none-eabi/lib/thumb/v6-m\libc_nano.a(lib_a-memset.o)
