Archive member included to satisfy reference by file (symbol)

/home/bartosz/program/sw4stm32/plugins/fr.ac6.mcu.externaltools.arm-none.linux64_1.17.0.201812190825/tools/compiler/bin/../lib/gcc/arm-none-eabi/7.3.1/thumb/v6-m/libgcc.a(_udivsi3.o)
                              Drivers/STM32L0xx_HAL_Driver/Src/stm32l0xx_hal.o (__aeabi_uidiv)
/home/bartosz/program/sw4stm32/plugins/fr.ac6.mcu.externaltools.arm-none.linux64_1.17.0.201812190825/tools/compiler/bin/../lib/gcc/arm-none-eabi/7.3.1/thumb/v6-m/libgcc.a(_dvmd_tls.o)
                              /home/bartosz/program/sw4stm32/plugins/fr.ac6.mcu.externaltools.arm-none.linux64_1.17.0.201812190825/tools/compiler/bin/../lib/gcc/arm-none-eabi/7.3.1/thumb/v6-m/libgcc.a(_udivsi3.o) (__aeabi_idiv0)
/home/bartosz/program/sw4stm32/plugins/fr.ac6.mcu.externaltools.arm-none.linux64_1.17.0.201812190825/tools/compiler/bin/../lib/gcc/arm-none-eabi/7.3.1/thumb/v6-m/libgcc.a(_fixunsdfsi.o)
                              Src/matrixDisplay.o (__aeabi_d2uiz)
/home/bartosz/program/sw4stm32/plugins/fr.ac6.mcu.externaltools.arm-none.linux64_1.17.0.201812190825/tools/compiler/bin/../lib/gcc/arm-none-eabi/7.3.1/thumb/v6-m/libgcc.a(divdf3.o)
                              Src/matrixDisplay.o (__aeabi_ddiv)
/home/bartosz/program/sw4stm32/plugins/fr.ac6.mcu.externaltools.arm-none.linux64_1.17.0.201812190825/tools/compiler/bin/../lib/gcc/arm-none-eabi/7.3.1/thumb/v6-m/libgcc.a(muldf3.o)
                              Src/matrixDisplay.o (__aeabi_dmul)
/home/bartosz/program/sw4stm32/plugins/fr.ac6.mcu.externaltools.arm-none.linux64_1.17.0.201812190825/tools/compiler/bin/../lib/gcc/arm-none-eabi/7.3.1/thumb/v6-m/libgcc.a(subdf3.o)
                              /home/bartosz/program/sw4stm32/plugins/fr.ac6.mcu.externaltools.arm-none.linux64_1.17.0.201812190825/tools/compiler/bin/../lib/gcc/arm-none-eabi/7.3.1/thumb/v6-m/libgcc.a(_fixunsdfsi.o) (__aeabi_dsub)
/home/bartosz/program/sw4stm32/plugins/fr.ac6.mcu.externaltools.arm-none.linux64_1.17.0.201812190825/tools/compiler/bin/../lib/gcc/arm-none-eabi/7.3.1/thumb/v6-m/libgcc.a(fixdfsi.o)
                              /home/bartosz/program/sw4stm32/plugins/fr.ac6.mcu.externaltools.arm-none.linux64_1.17.0.201812190825/tools/compiler/bin/../lib/gcc/arm-none-eabi/7.3.1/thumb/v6-m/libgcc.a(_fixunsdfsi.o) (__aeabi_d2iz)
/home/bartosz/program/sw4stm32/plugins/fr.ac6.mcu.externaltools.arm-none.linux64_1.17.0.201812190825/tools/compiler/bin/../lib/gcc/arm-none-eabi/7.3.1/thumb/v6-m/libgcc.a(floatunsidf.o)
                              Src/matrixDisplay.o (__aeabi_ui2d)
/home/bartosz/program/sw4stm32/plugins/fr.ac6.mcu.externaltools.arm-none.linux64_1.17.0.201812190825/tools/compiler/bin/../lib/gcc/arm-none-eabi/7.3.1/thumb/v6-m/libgcc.a(_arm_cmpdf2.o)
                              /home/bartosz/program/sw4stm32/plugins/fr.ac6.mcu.externaltools.arm-none.linux64_1.17.0.201812190825/tools/compiler/bin/../lib/gcc/arm-none-eabi/7.3.1/thumb/v6-m/libgcc.a(_fixunsdfsi.o) (__aeabi_dcmpge)
/home/bartosz/program/sw4stm32/plugins/fr.ac6.mcu.externaltools.arm-none.linux64_1.17.0.201812190825/tools/compiler/bin/../lib/gcc/arm-none-eabi/7.3.1/thumb/v6-m/libgcc.a(_clzsi2.o)
                              /home/bartosz/program/sw4stm32/plugins/fr.ac6.mcu.externaltools.arm-none.linux64_1.17.0.201812190825/tools/compiler/bin/../lib/gcc/arm-none-eabi/7.3.1/thumb/v6-m/libgcc.a(divdf3.o) (__clzsi2)
/home/bartosz/program/sw4stm32/plugins/fr.ac6.mcu.externaltools.arm-none.linux64_1.17.0.201812190825/tools/compiler/bin/../lib/gcc/arm-none-eabi/7.3.1/thumb/v6-m/libgcc.a(eqdf2.o)
                              /home/bartosz/program/sw4stm32/plugins/fr.ac6.mcu.externaltools.arm-none.linux64_1.17.0.201812190825/tools/compiler/bin/../lib/gcc/arm-none-eabi/7.3.1/thumb/v6-m/libgcc.a(_arm_cmpdf2.o) (__eqdf2)
/home/bartosz/program/sw4stm32/plugins/fr.ac6.mcu.externaltools.arm-none.linux64_1.17.0.201812190825/tools/compiler/bin/../lib/gcc/arm-none-eabi/7.3.1/thumb/v6-m/libgcc.a(gedf2.o)
                              /home/bartosz/program/sw4stm32/plugins/fr.ac6.mcu.externaltools.arm-none.linux64_1.17.0.201812190825/tools/compiler/bin/../lib/gcc/arm-none-eabi/7.3.1/thumb/v6-m/libgcc.a(_arm_cmpdf2.o) (__gedf2)
/home/bartosz/program/sw4stm32/plugins/fr.ac6.mcu.externaltools.arm-none.linux64_1.17.0.201812190825/tools/compiler/bin/../lib/gcc/arm-none-eabi/7.3.1/thumb/v6-m/libgcc.a(ledf2.o)
                              /home/bartosz/program/sw4stm32/plugins/fr.ac6.mcu.externaltools.arm-none.linux64_1.17.0.201812190825/tools/compiler/bin/../lib/gcc/arm-none-eabi/7.3.1/thumb/v6-m/libgcc.a(_arm_cmpdf2.o) (__ledf2)
/home/bartosz/program/sw4stm32/plugins/fr.ac6.mcu.externaltools.arm-none.linux64_1.17.0.201812190825/tools/compiler/bin/../lib/gcc/arm-none-eabi/7.3.1/../../../../arm-none-eabi/lib/thumb/v6-m/libc_nano.a(lib_a-errno.o)
                              Src/syscalls.o (__errno)
[...]
Memory Configuration

Name             Origin             Length             Attributes
RAM              0x0000000020000000 0x0000000000002000 xrw
FLASH            0x0000000008000000 0x0000000000008000 xr
*default*        0x0000000000000000 0xffffffffffffffff

Linker script and memory map

LOAD /home/bartosz/program/sw4stm32/plugins/fr.ac6.mcu.externaltools.arm-none.linux64_1.17.0.201812190825/tools/compiler/bin/../lib/gcc/arm-none-eabi/7.3.1/thumb/v6-m/crti.o
LOAD /home/bartosz/program/sw4stm32/plugins/fr.ac6.mcu.externaltools.arm-none.linux64_1.17.0.201812190825/tools/compiler/bin/../lib/gcc/arm-none-eabi/7.3.1/thumb/v6-m/crtbegin.o
LOAD /home/bartosz/program/sw4stm32/plugins/fr.ac6.mcu.externaltools.arm-none.linux64_1.17.0.201812190825/tools/compiler/bin/../lib/gcc/arm-none-eabi/7.3.1/../../../../arm-none-eabi/lib/thumb/v6-m/crt0.o
LOAD Drivers/STM32L0xx_HAL_Driver/Src/stm32l0xx_hal.o
LOAD Drivers/STM32L0xx_HAL_Driver/Src/stm32l0xx_hal_cortex.o
LOAD Drivers/STM32L0xx_HAL_Driver/Src/stm32l0xx_hal_dma.o
LOAD Drivers/STM32L0xx_HAL_Driver/Src/stm32l0xx_hal_flash.o
LOAD Drivers/STM32L0xx_HAL_Driver/Src/stm32l0xx_hal_flash_ex.o
LOAD Drivers/STM32L0xx_HAL_Driver/Src/stm32l0xx_hal_flash_ramfunc.o
LOAD Drivers/STM32L0xx_HAL_Driver/Src/stm32l0xx_hal_gpio.o
LOAD Drivers/STM32L0xx_HAL_Driver/Src/stm32l0xx_hal_i2c.o
LOAD Drivers/STM32L0xx_HAL_Driver/Src/stm32l0xx_hal_i2c_ex.o
LOAD Drivers/STM32L0xx_HAL_Driver/Src/stm32l0xx_hal_pwr.o
LOAD Drivers/STM32L0xx_HAL_Driver/Src/stm32l0xx_hal_pwr_ex.o
LOAD Drivers/STM32L0xx_HAL_Driver/Src/stm32l0xx_hal_rcc.o
LOAD Drivers/STM32L0xx_HAL_Driver/Src/stm32l0xx_hal_rcc_ex.o
LOAD Drivers/STM32L0xx_HAL_Driver/Src/stm32l0xx_hal_rtc.o
LOAD Drivers/STM32L0xx_HAL_Driver/Src/stm32l0xx_hal_rtc_ex.o
LOAD Drivers/STM32L0xx_HAL_Driver/Src/stm32l0xx_hal_tim.o
LOAD Drivers/STM32L0xx_HAL_Driver/Src/stm32l0xx_hal_tim_ex.o
LOAD Src/main.o
LOAD Src/matrixDisplay.o
LOAD Src/rtc.o
LOAD Src/stm32l0xx_hal_msp.o
LOAD Src/stm32l0xx_it.o
LOAD Src/syscalls.o
LOAD Src/system_stm32l0xx.o
LOAD startup/startup_stm32l041xx.o
LOAD /home/bartosz/program/sw4stm32/plugins/fr.ac6.mcu.externaltools.arm-none.linux64_1.17.0.201812190825/tools/compiler/bin/../lib/gcc/arm-none-eabi/7.3.1/../../../../arm-none-eabi/lib/thumb/v6-m/libm.a
START GROUP
LOAD /home/bartosz/program/sw4stm32/plugins/fr.ac6.mcu.externaltools.arm-none.linux64_1.17.0.201812190825/tools/compiler/bin/../lib/gcc/arm-none-eabi/7.3.1/thumb/v6-m/libgcc.a
LOAD /home/bartosz/program/sw4stm32/plugins/fr.ac6.mcu.externaltools.arm-none.linux64_1.17.0.201812190825/tools/compiler/bin/../lib/gcc/arm-none-eabi/7.3.1/../../../../arm-none-eabi/lib/thumb/v6-m/libc_nano.a
END GROUP
START GROUP
LOAD /home/bartosz/program/sw4stm32/plugins/fr.ac6.mcu.externaltools.arm-none.linux64_1.17.0.201812190825/tools/compiler/bin/../lib/gcc/arm-none-eabi/7.3.1/thumb/v6-m/libgcc.a
LOAD /home/bartosz/program/sw4stm32/plugins/fr.ac6.mcu.externaltools.arm-none.linux64_1.17.0.201812190825/tools/compiler/bin/../lib/gcc/arm-none-eabi/7.3.1/../../../../arm-none-eabi/lib/thumb/v6-m/libc_nano.a
LOAD /home/bartosz/program/sw4stm32/plugins/fr.ac6.mcu.externaltools.arm-none.linux64_1.17.0.201812190825/tools/compiler/bin/../lib/gcc/arm-none-eabi/7.3.1/../../../../arm-none-eabi/lib/thumb/v6-m/libnosys.a
END GROUP
START GROUP
LOAD /home/bartosz/program/sw4stm32/plugins/fr.ac6.mcu.externaltools.arm-none.linux64_1.17.0.201812190825/tools/compiler/bin/../lib/gcc/arm-none-eabi/7.3.1/thumb/v6-m/libgcc.a
LOAD /home/bartosz/program/sw4stm32/plugins/fr.ac6.mcu.externaltools.arm-none.linux64_1.17.0.201812190825/tools/compiler/bin/../lib/gcc/arm-none-eabi/7.3.1/../../../../arm-none-eabi/lib/thumb/v6-m/libc_nano.a
LOAD /home/bartosz/program/sw4stm32/plugins/fr.ac6.mcu.externaltools.arm-none.linux64_1.17.0.201812190825/tools/compiler/bin/../lib/gcc/arm-none-eabi/7.3.1/../../../../arm-none-eabi/lib/thumb/v6-m/libnosys.a
END GROUP
LOAD /home/bartosz/program/sw4stm32/plugins/fr.ac6.mcu.externaltools.arm-none.linux64_1.17.0.201812190825/tools/compiler/bin/../lib/gcc/arm-none-eabi/7.3.1/thumb/v6-m/crtend.o
LOAD /home/bartosz/program/sw4stm32/plugins/fr.ac6.mcu.externaltools.arm-none.linux64_1.17.0.201812190825/tools/compiler/bin/../lib/gcc/arm-none-eabi/7.3.1/thumb/v6-m/crtn.o
                0x0000000020002000                _estack = 0x20002000
                0x0000000000000200                _Min_Heap_Size = 0x200
                0x0000000000000400                _Min_Stack_Size = 0x400

.isr_vector     0x0000000008000000       0xc0
                0x0000000008000000                . = ALIGN (0x4)
 *(.isr_vector)
 .isr_vector    0x0000000008000000       0xc0 startup/startup_stm32l041xx.o
                0x0000000008000000                g_pfnVectors
                0x00000000080000c0                . = ALIGN (0x4)

.text           0x00000000080000c0     0x39f0
                0x00000000080000c0                . = ALIGN (0x4)
 *(.text)
 .text          0x00000000080000c0       0x48 /home/bartosz/program/sw4stm32/plugins/fr.ac6.mcu.externaltools.arm-none.linux64_1.17.0.201812190825/tools/compiler/bin/../lib/gcc/arm-none-eabi/7.3.1/thumb/v6-m/crtbegin.o
 .text          0x0000000008000108      0x114 /home/bartosz/program/sw4stm32/plugins/fr.ac6.mcu.externaltools.arm-none.linux64_1.17.0.201812190825/tools/compiler/bin/../lib/gcc/arm-none-eabi/7.3.1/thumb/v6-m/libgcc.a(_udivsi3.o)
                0x0000000008000108                __udivsi3
                0x0000000008000108                __aeabi_uidiv
                0x0000000008000214                __aeabi_uidivmod
 .text          0x000000000800021c        0x4 /home/bartosz/program/sw4stm32/plugins/fr.ac6.mcu.externaltools.arm-none.linux64_1.17.0.201812190825/tools/compiler/bin/../lib/gcc/arm-none-eabi/7.3.1/thumb/v6-m/libgcc.a(_dvmd_tls.o)
                0x000000000800021c                __aeabi_ldiv0
                0x000000000800021c                __aeabi_idiv0
 .text          0x0000000008000220       0x3c /home/bartosz/program/sw4stm32/plugins/fr.ac6.mcu.externaltools.arm-none.linux64_1.17.0.201812190825/tools/compiler/bin/../lib/gcc/arm-none-eabi/7.3.1/thumb/v6-m/libgcc.a(_fixunsdfsi.o)
                0x0000000008000220                __fixunsdfsi
                0x0000000008000220                __aeabi_d2uiz
 .text          0x000000000800025c      0x604 /home/bartosz/program/sw4stm32/plugins/fr.ac6.mcu.externaltools.arm-none.linux64_1.17.0.201812190825/tools/compiler/bin/../lib/gcc/arm-none-eabi/7.3.1/thumb/v6-m/libgcc.a(divdf3.o)
                0x000000000800025c                __aeabi_ddiv
 .text          0x0000000008000860      0x4e4 /home/bartosz/program/sw4stm32/plugins/fr.ac6.mcu.externaltools.arm-none.linux64_1.17.0.201812190825/tools/compiler/bin/../lib/gcc/arm-none-eabi/7.3.1/thumb/v6-m/libgcc.a(muldf3.o)
                0x0000000008000860                __aeabi_dmul
 .text          0x0000000008000d44      0x690 /home/bartosz/program/sw4stm32/plugins/fr.ac6.mcu.externaltools.arm-none.linux64_1.17.0.201812190825/tools/compiler/bin/../lib/gcc/arm-none-eabi/7.3.1/thumb/v6-m/libgcc.a(subdf3.o)
                0x0000000008000d44                __aeabi_dsub
 .text          0x00000000080013d4       0x6c /home/bartosz/program/sw4stm32/plugins/fr.ac6.mcu.externaltools.arm-none.linux64_1.17.0.201812190825/tools/compiler/bin/../lib/gcc/arm-none-eabi/7.3.1/thumb/v6-m/libgcc.a(fixdfsi.o)
                0x00000000080013d4                __aeabi_d2iz
 .text          0x0000000008001440       0x64 /home/bartosz/program/sw4stm32/plugins/fr.ac6.mcu.externaltools.arm-none.linux64_1.17.0.201812190825/tools/compiler/bin/../lib/gcc/arm-none-eabi/7.3.1/thumb/v6-m/libgcc.a(floatunsidf.o)
                0x0000000008001440                __aeabi_ui2d
 .text          0x00000000080014a4       0x7c /home/bartosz/program/sw4stm32/plugins/fr.ac6.mcu.externaltools.arm-none.linux64_1.17.0.201812190825/tools/compiler/bin/../lib/gcc/arm-none-eabi/7.3.1/thumb/v6-m/libgcc.a(_arm_cmpdf2.o)
                0x00000000080014a4                __aeabi_cdrcmple
                0x00000000080014b4                __aeabi_cdcmple
                0x00000000080014b4                __aeabi_cdcmpeq
                0x00000000080014c4                __aeabi_dcmpeq
                0x00000000080014d0                __aeabi_dcmplt
                0x00000000080014e4                __aeabi_dcmple
                0x00000000080014f8                __aeabi_dcmpgt
                0x000000000800150c                __aeabi_dcmpge
 .text          0x0000000008001520       0x3c /home/bartosz/program/sw4stm32/plugins/fr.ac6.mcu.externaltools.arm-none.linux64_1.17.0.201812190825/tools/compiler/bin/../lib/gcc/arm-none-eabi/7.3.1/thumb/v6-m/libgcc.a(_clzsi2.o)
                0x0000000008001520                __clzsi2
 .text          0x000000000800155c       0x78 /home/bartosz/program/sw4stm32/plugins/fr.ac6.mcu.externaltools.arm-none.linux64_1.17.0.201812190825/tools/compiler/bin/../lib/gcc/arm-none-eabi/7.3.1/thumb/v6-m/libgcc.a(eqdf2.o)
                0x000000000800155c                __eqdf2
                0x000000000800155c                __nedf2
 .text          0x00000000080015d4       0xc8 /home/bartosz/program/sw4stm32/plugins/fr.ac6.mcu.externaltools.arm-none.linux64_1.17.0.201812190825/tools/compiler/bin/../lib/gcc/arm-none-eabi/7.3.1/thumb/v6-m/libgcc.a(gedf2.o)
                0x00000000080015d4                __gtdf2
                0x00000000080015d4                __gedf2
 .text          0x000000000800169c       0xd0 /home/bartosz/program/sw4stm32/plugins/fr.ac6.mcu.externaltools.arm-none.linux64_1.17.0.201812190825/tools/compiler/bin/../lib/gcc/arm-none-eabi/7.3.1/thumb/v6-m/libgcc.a(ledf2.o)
                0x000000000800169c                __ltdf2
                0x000000000800169c                __ledf2
 *(.text*)
 .text.HAL_InitTick
                0x000000000800176c       0x30 Drivers/STM32L0xx_HAL_Driver/Src/stm32l0xx_hal.o
                0x000000000800176c                HAL_InitTick
 .text.HAL_Init
                0x000000000800179c       0x28 Drivers/STM32L0xx_HAL_Driver/Src/stm32l0xx_hal.o
                0x000000000800179c                HAL_Init
 .text.HAL_IncTick
                0x00000000080017c4       0x10 Drivers/STM32L0xx_HAL_Driver/Src/stm32l0xx_hal.o
                0x00000000080017c4                HAL_IncTick
 .text.HAL_GetTick
                0x00000000080017d4        0xc Drivers/STM32L0xx_HAL_Driver/Src/stm32l0xx_hal.o
                0x00000000080017d4                HAL_GetTick
 .text.HAL_Delay
                0x00000000080017e0       0x1c Drivers/STM32L0xx_HAL_Driver/Src/stm32l0xx_hal.o
                0x00000000080017e0                HAL_Delay
 .text.HAL_NVIC_SetPriority
                0x00000000080017fc       0x60 Drivers/STM32L0xx_HAL_Driver/Src/stm32l0xx_hal_cortex.o
                0x00000000080017fc                HAL_NVIC_SetPriority
 .text.HAL_NVIC_EnableIRQ
                0x000000000800185c       0x14 Drivers/STM32L0xx_HAL_Driver/Src/stm32l0xx_hal_cortex.o
                0x000000000800185c                HAL_NVIC_EnableIRQ
 .text.HAL_SYSTICK_Config
                0x0000000008001870       0x38 Drivers/STM32L0xx_HAL_Driver/Src/stm32l0xx_hal_cortex.o
                0x0000000008001870                HAL_SYSTICK_Config
 .text.HAL_GPIO_Init
                0x00000000080018a8      0x180 Drivers/STM32L0xx_HAL_Driver/Src/stm32l0xx_hal_gpio.o
                0x00000000080018a8                HAL_GPIO_Init
 .text.HAL_GPIO_ReadPin
                0x0000000008001a28        0xe Drivers/STM32L0xx_HAL_Driver/Src/stm32l0xx_hal_gpio.o
                0x0000000008001a28                HAL_GPIO_ReadPin
 .text.HAL_GPIO_WritePin
                0x0000000008001a36        0xc Drivers/STM32L0xx_HAL_Driver/Src/stm32l0xx_hal_gpio.o
                0x0000000008001a36                HAL_GPIO_WritePin
 .text.HAL_GPIO_TogglePin
                0x0000000008001a42        0x8 Drivers/STM32L0xx_HAL_Driver/Src/stm32l0xx_hal_gpio.o
                0x0000000008001a42                HAL_GPIO_TogglePin
 *fill*         0x0000000008001a4a        0x2 
 .text.HAL_GPIO_EXTI_IRQHandler
                0x0000000008001a4c       0x1c Drivers/STM32L0xx_HAL_Driver/Src/stm32l0xx_hal_gpio.o
                0x0000000008001a4c                HAL_GPIO_EXTI_IRQHandler
 .text.HAL_PWR_EnableBkUpAccess
                0x0000000008001a68       0x14 Drivers/STM32L0xx_HAL_Driver/Src/stm32l0xx_hal_pwr.o
                0x0000000008001a68                HAL_PWR_EnableBkUpAccess
 .text.HAL_PWR_EnterSTOPMode
                0x0000000008001a7c       0x3c Drivers/STM32L0xx_HAL_Driver/Src/stm32l0xx_hal_pwr.o
                0x0000000008001a7c                HAL_PWR_EnterSTOPMode
 .text.HAL_RCC_GetSysClockFreq
                0x0000000008001ab8       0xb0 Drivers/STM32L0xx_HAL_Driver/Src/stm32l0xx_hal_rcc.o
                0x0000000008001ab8                HAL_RCC_GetSysClockFreq
 .text.HAL_RCC_OscConfig
                0x0000000008001b68      0x514 Drivers/STM32L0xx_HAL_Driver/Src/stm32l0xx_hal_rcc.o
                0x0000000008001b68                HAL_RCC_OscConfig
 .text.HAL_RCC_ClockConfig
                0x000000000800207c      0x1a8 Drivers/STM32L0xx_HAL_Driver/Src/stm32l0xx_hal_rcc.o
                0x000000000800207c                HAL_RCC_ClockConfig
 .text.HAL_RCCEx_PeriphCLKConfig
                0x0000000008002224      0x1a0 Drivers/STM32L0xx_HAL_Driver/Src/stm32l0xx_hal_rcc_ex.o
                0x0000000008002224                HAL_RCCEx_PeriphCLKConfig
 .text.HAL_RTC_WaitForSynchro
                0x00000000080023c4       0x32 Drivers/STM32L0xx_HAL_Driver/Src/stm32l0xx_hal_rtc.o
                0x00000000080023c4                HAL_RTC_WaitForSynchro
 .text.RTC_EnterInitMode
                0x00000000080023f6       0x3a Drivers/STM32L0xx_HAL_Driver/Src/stm32l0xx_hal_rtc.o
                0x00000000080023f6                RTC_EnterInitMode
 .text.HAL_RTC_Init
                0x0000000008002430       0xd8 Drivers/STM32L0xx_HAL_Driver/Src/stm32l0xx_hal_rtc.o
                0x0000000008002430                HAL_RTC_Init
 .text.RTC_ByteToBcd2
                0x0000000008002508       0x16 Drivers/STM32L0xx_HAL_Driver/Src/stm32l0xx_hal_rtc.o
                0x0000000008002508                RTC_ByteToBcd2
 *fill*         0x000000000800251e        0x2 
 .text.HAL_RTC_SetTime
                0x0000000008002520      0x110 Drivers/STM32L0xx_HAL_Driver/Src/stm32l0xx_hal_rtc.o
                0x0000000008002520                HAL_RTC_SetTime
 .text.HAL_RTC_SetDate
                0x0000000008002630       0xec Drivers/STM32L0xx_HAL_Driver/Src/stm32l0xx_hal_rtc.o
                0x0000000008002630                HAL_RTC_SetDate
 .text.RTC_Bcd2ToByte
                0x000000000800271c       0x12 Drivers/STM32L0xx_HAL_Driver/Src/stm32l0xx_hal_rtc.o
                0x000000000800271c                RTC_Bcd2ToByte
 *fill*         0x000000000800272e        0x2 
 .text.HAL_RTC_GetTime
                0x0000000008002730       0x58 Drivers/STM32L0xx_HAL_Driver/Src/stm32l0xx_hal_rtc.o
                0x0000000008002730                HAL_RTC_GetTime
 .text.HAL_RTC_GetDate
                0x0000000008002788       0x48 Drivers/STM32L0xx_HAL_Driver/Src/stm32l0xx_hal_rtc.o
                0x0000000008002788                HAL_RTC_GetDate
 .text.TIM_Base_SetConfig
                0x00000000080027d0       0x60 Drivers/STM32L0xx_HAL_Driver/Src/stm32l0xx_hal_tim.o
 .text.TIM_TI1_ConfigInputStage
                0x0000000008002830       0x22 Drivers/STM32L0xx_HAL_Driver/Src/stm32l0xx_hal_tim.o
 *fill*         0x0000000008002852        0x2 
 .text.TIM_TI2_ConfigInputStage
                0x0000000008002854       0x28 Drivers/STM32L0xx_HAL_Driver/Src/stm32l0xx_hal_tim.o
 .text.TIM_ITRx_SetConfig
                0x000000000800287c       0x12 Drivers/STM32L0xx_HAL_Driver/Src/stm32l0xx_hal_tim.o
 *fill*         0x000000000800288e        0x2 
 .text.TIM_ETR_SetConfig
                0x0000000008002890       0x18 Drivers/STM32L0xx_HAL_Driver/Src/stm32l0xx_hal_tim.o
 .text.HAL_TIM_Base_Init
                0x00000000080028a8       0x34 Drivers/STM32L0xx_HAL_Driver/Src/stm32l0xx_hal_tim.o
                0x00000000080028a8                HAL_TIM_Base_Init
 .text.HAL_TIM_Base_Start_IT
                0x00000000080028dc       0x22 Drivers/STM32L0xx_HAL_Driver/Src/stm32l0xx_hal_tim.o
                0x00000000080028dc                HAL_TIM_Base_Start_IT
 *fill*         0x00000000080028fe        0x2 
 .text.HAL_TIM_ConfigClockSource
                0x0000000008002900       0xe4 Drivers/STM32L0xx_HAL_Driver/Src/stm32l0xx_hal_tim.o
                0x0000000008002900                HAL_TIM_ConfigClockSource
 .text.HAL_TIM_OC_DelayElapsedCallback
                0x00000000080029e4        0x2 Drivers/STM32L0xx_HAL_Driver/Src/stm32l0xx_hal_tim.o
                0x00000000080029e4                HAL_TIM_OC_DelayElapsedCallback
 .text.HAL_TIM_IC_CaptureCallback
                0x00000000080029e6        0x2 Drivers/STM32L0xx_HAL_Driver/Src/stm32l0xx_hal_tim.o
                0x00000000080029e6                HAL_TIM_IC_CaptureCallback
 .text.HAL_TIM_PWM_PulseFinishedCallback
                0x00000000080029e8        0x2 Drivers/STM32L0xx_HAL_Driver/Src/stm32l0xx_hal_tim.o
                0x00000000080029e8                HAL_TIM_PWM_PulseFinishedCallback
 .text.HAL_TIM_TriggerCallback
                0x00000000080029ea        0x2 Drivers/STM32L0xx_HAL_Driver/Src/stm32l0xx_hal_tim.o
                0x00000000080029ea                HAL_TIM_TriggerCallback
 .text.HAL_TIM_IRQHandler
                0x00000000080029ec      0x122 Drivers/STM32L0xx_HAL_Driver/Src/stm32l0xx_hal_tim.o
                0x00000000080029ec                HAL_TIM_IRQHandler
 .text.HAL_TIMEx_MasterConfigSynchronization
                0x0000000008002b0e       0x46 Drivers/STM32L0xx_HAL_Driver/Src/stm32l0xx_hal_tim_ex.o
                0x0000000008002b0e                HAL_TIMEx_MasterConfigSynchronization
 .text.MX_GPIO_Init
                0x0000000008002b54       0xe8 Src/main.o
 .text.MX_RTC_Init
                0x0000000008002c3c       0x70 Src/main.o
 .text.MX_TIM2_Init
                0x0000000008002cac       0x60 Src/main.o
 .text.SystemClock_Config
                0x0000000008002d0c       0xa0 Src/main.o
                0x0000000008002d0c                SystemClock_Config
 .text.main     0x0000000008002dac      0x478 Src/main.o
                0x0000000008002dac                main
 .text.matrixDisplayInit
                0x0000000008003224       0x48 Src/matrixDisplay.o
                0x0000000008003224                matrixDisplayInit
 .text.HAL_GPIO_EXTI_Callback
                0x000000000800326c       0x74 Src/matrixDisplay.o
                0x000000000800326c                HAL_GPIO_EXTI_Callback
 .text.HAL_TIM_PeriodElapsedCallback
                0x00000000080032e0       0x94 Src/matrixDisplay.o
                0x00000000080032e0                HAL_TIM_PeriodElapsedCallback
 .text.delayUs  0x0000000008003374       0x3c Src/matrixDisplay.o
                0x0000000008003374                delayUs
 .text.matrixWriteTime
                0x00000000080033b0       0x94 Src/matrixDisplay.o
                0x00000000080033b0                matrixWriteTime
 .text.matrixWriteMarkers
                0x0000000008003444       0x2c Src/matrixDisplay.o
                0x0000000008003444                matrixWriteMarkers
 .text.turnOn   0x0000000008003470       0x80 Src/matrixDisplay.o
                0x0000000008003470                turnOn
 .text.matrixDisplayCcw
                0x00000000080034f0      0x124 Src/matrixDisplay.o
                0x00000000080034f0                matrixDisplayCcw
 .text.turnOff  0x0000000008003614       0x80 Src/matrixDisplay.o
                0x0000000008003614                turnOff
 .text.matrixSplash
                0x0000000008003694       0x94 Src/matrixDisplay.o
                0x0000000008003694                matrixSplash
 .text.toggleAll
                0x0000000008003728       0x4c Src/matrixDisplay.o
                0x0000000008003728                toggleAll
 .text.showBinary
                0x0000000008003774       0xd8 Src/matrixDisplay.o
                0x0000000008003774                showBinary
 .text.getTime  0x000000000800384c       0x50 Src/rtc.o
                0x000000000800384c                getTime
 .text.setTime  0x000000000800389c       0x48 Src/rtc.o
                0x000000000800389c                setTime
 .text.HAL_MspInit
                0x00000000080038e4       0x1c Src/stm32l0xx_hal_msp.o
                0x00000000080038e4                HAL_MspInit
 .text.HAL_RTC_MspInit
                0x0000000008003900       0x20 Src/stm32l0xx_hal_msp.o
                0x0000000008003900                HAL_RTC_MspInit
 .text.HAL_TIM_Base_MspInit
                0x0000000008003920       0x30 Src/stm32l0xx_hal_msp.o
                0x0000000008003920                HAL_TIM_Base_MspInit
 .text.NMI_Handler
                0x0000000008003950        0x2 Src/stm32l0xx_it.o
                0x0000000008003950                NMI_Handler
 .text.HardFault_Handler
                0x0000000008003952        0x2 Src/stm32l0xx_it.o
                0x0000000008003952                HardFault_Handler
 .text.SVC_Handler
                0x0000000008003954        0x2 Src/stm32l0xx_it.o
                0x0000000008003954                SVC_Handler
 .text.PendSV_Handler
                0x0000000008003956        0x2 Src/stm32l0xx_it.o
                0x0000000008003956                PendSV_Handler
 .text.SysTick_Handler
                0x0000000008003958        0x8 Src/stm32l0xx_it.o
                0x0000000008003958                SysTick_Handler
 .text.EXTI0_1_IRQHandler
                0x0000000008003960        0xa Src/stm32l0xx_it.o
                0x0000000008003960                EXTI0_1_IRQHandler
 .text.EXTI2_3_IRQHandler
                0x000000000800396a        0xa Src/stm32l0xx_it.o
                0x000000000800396a                EXTI2_3_IRQHandler
 .text.EXTI4_15_IRQHandler
                0x0000000008003974        0xa Src/stm32l0xx_it.o
                0x0000000008003974                EXTI4_15_IRQHandler
 *fill*         0x000000000800397e        0x2 
 .text.TIM2_IRQHandler
                0x0000000008003980       0x10 Src/stm32l0xx_it.o
                0x0000000008003980                TIM2_IRQHandler
 .text.SystemInit
                0x0000000008003990       0x5c Src/system_stm32l0xx.o
                0x0000000008003990                SystemInit
 .text.Reset_Handler
                0x00000000080039ec       0x50 startup/startup_stm32l041xx.o
                0x00000000080039ec                Reset_Handler
 .text.Default_Handler
                0x0000000008003a3c        0x2 startup/startup_stm32l041xx.o
                0x0000000008003a3c                ADC1_COMP_IRQHandler
                0x0000000008003a3c                PVD_IRQHandler
                0x0000000008003a3c                I2C1_IRQHandler
                0x0000000008003a3c                SPI1_IRQHandler
                0x0000000008003a3c                AES_LPUART1_IRQHandler
                0x0000000008003a3c                RTC_IRQHandler
                0x0000000008003a3c                DMA1_Channel4_5_6_7_IRQHandler
                0x0000000008003a3c                RCC_IRQHandler
                0x0000000008003a3c                DMA1_Channel1_IRQHandler
                0x0000000008003a3c                Default_Handler
                0x0000000008003a3c                TIM22_IRQHandler
                0x0000000008003a3c                TIM21_IRQHandler
                0x0000000008003a3c                WWDG_IRQHandler
                0x0000000008003a3c                DMA1_Channel2_3_IRQHandler
                0x0000000008003a3c                USART2_IRQHandler
                0x0000000008003a3c                FLASH_IRQHandler
                0x0000000008003a3c                LPTIM1_IRQHandler
 *fill*         0x0000000008003a3e        0x2 
 .text.__libc_init_array
                0x0000000008003a40       0x48 /home/bartosz/program/sw4stm32/plugins/fr.ac6.mcu.externaltools.arm-none.linux64_1.17.0.201812190825/tools/compiler/bin/../lib/gcc/arm-none-eabi/7.3.1/../../../../arm-none-eabi/lib/thumb/v6-m/libc_nano.a(lib_a-init.o)
                0x0000000008003a40                __libc_init_array
 .text.memset   0x0000000008003a88       0x10 /home/bartosz/program/sw4stm32/plugins/fr.ac6.mcu.externaltools.arm-none.linux64_1.17.0.201812190825/tools/compiler/bin/../lib/gcc/arm-none-eabi/7.3.1/../../../../arm-none-eabi/lib/thumb/v6-m/libc_nano.a(lib_a-memset.o)
                0x0000000008003a88                memset
 *(.glue_7)
 .glue_7        0x0000000008003a98        0x0 linker stubs
 *(.glue_7t)
 .glue_7t       0x0000000008003a98        0x0 linker stubs
 *(.eh_frame)
 .eh_frame      0x0000000008003a98        0x0 /home/bartosz/program/sw4stm32/plugins/fr.ac6.mcu.externaltools.arm-none.linux64_1.17.0.201812190825/tools/compiler/bin/../lib/gcc/arm-none-eabi/7.3.1/thumb/v6-m/crtbegin.o
 *(.init)
 .init          0x0000000008003a98        0x4 /home/bartosz/program/sw4stm32/plugins/fr.ac6.mcu.externaltools.arm-none.linux64_1.17.0.201812190825/tools/compiler/bin/../lib/gcc/arm-none-eabi/7.3.1/thumb/v6-m/crti.o
                0x0000000008003a98                _init
 .init          0x0000000008003a9c        0x8 /home/bartosz/program/sw4stm32/plugins/fr.ac6.mcu.externaltools.arm-none.linux64_1.17.0.201812190825/tools/compiler/bin/../lib/gcc/arm-none-eabi/7.3.1/thumb/v6-m/crtn.o
 *(.fini)
 .fini          0x0000000008003aa4        0x4 /home/bartosz/program/sw4stm32/plugins/fr.ac6.mcu.externaltools.arm-none.linux64_1.17.0.201812190825/tools/compiler/bin/../lib/gcc/arm-none-eabi/7.3.1/thumb/v6-m/crti.o
                0x0000000008003aa4                _fini
 .fini          0x0000000008003aa8        0x8 /home/bartosz/program/sw4stm32/plugins/fr.ac6.mcu.externaltools.arm-none.linux64_1.17.0.201812190825/tools/compiler/bin/../lib/gcc/arm-none-eabi/7.3.1/thumb/v6-m/crtn.o
                0x0000000008003ab0                . = ALIGN (0x4)
                0x0000000008003ab0                _etext = .

.vfp11_veneer   0x0000000008003ab0        0x0
 .vfp11_veneer  0x0000000008003ab0        0x0 linker stubs

.v4_bx          0x0000000008003ab0        0x0
 .v4_bx         0x0000000008003ab0        0x0 linker stubs

.iplt           0x0000000008003ab0        0x0
 .iplt          0x0000000008003ab0        0x0 /home/bartosz/program/sw4stm32/plugins/fr.ac6.mcu.externaltools.arm-none.linux64_1.17.0.201812190825/tools/compiler/bin/../lib/gcc/arm-none-eabi/7.3.1/thumb/v6-m/crtbegin.o

.rodata         0x0000000008003ab0      0x104
                0x0000000008003ab0                . = ALIGN (0x4)
 *(.rodata)
 .rodata        0x0000000008003ab0       0x60 Src/matrixDisplay.o
 .rodata        0x0000000008003b10       0x24 Src/system_stm32l0xx.o
                0x0000000008003b10                PLLMulTable
                0x0000000008003b1c                AHBPrescTable
                0x0000000008003b2c                APBPrescTable
 .rodata        0x0000000008003b34       0x40 /home/bartosz/program/sw4stm32/plugins/fr.ac6.mcu.externaltools.arm-none.linux64_1.17.0.201812190825/tools/compiler/bin/../lib/gcc/arm-none-eabi/7.3.1/thumb/v6-m/libgcc.a(divdf3.o)
 .rodata        0x0000000008003b74       0x40 /home/bartosz/program/sw4stm32/plugins/fr.ac6.mcu.externaltools.arm-none.linux64_1.17.0.201812190825/tools/compiler/bin/../lib/gcc/arm-none-eabi/7.3.1/thumb/v6-m/libgcc.a(muldf3.o)
 *(.rodata*)
                0x0000000008003bb4                . = ALIGN (0x4)

.rel.dyn        0x0000000008003bb4        0x0
 .rel.iplt      0x0000000008003bb4        0x0 /home/bartosz/program/sw4stm32/plugins/fr.ac6.mcu.externaltools.arm-none.linux64_1.17.0.201812190825/tools/compiler/bin/../lib/gcc/arm-none-eabi/7.3.1/thumb/v6-m/crtbegin.o

.ARM.extab
 *(.ARM.extab* .gnu.linkonce.armextab.*)

.ARM            0x0000000008003bb4        0x0
                0x0000000008003bb4                __exidx_start = .
 *(.ARM.exidx*)
                0x0000000008003bb4                __exidx_end = .

.preinit_array  0x0000000008003bb4        0x0
                0x0000000008003bb4                PROVIDE (__preinit_array_start = .)
 *(.preinit_array*)
                0x0000000008003bb4                PROVIDE (__preinit_array_end = .)

.init_array     0x0000000008003bb4        0x4
                0x0000000008003bb4                PROVIDE (__init_array_start = .)
 *(SORT_BY_NAME(.init_array.*))
 *(.init_array*)
 .init_array    0x0000000008003bb4        0x4 /home/bartosz/program/sw4stm32/plugins/fr.ac6.mcu.externaltools.arm-none.linux64_1.17.0.201812190825/tools/compiler/bin/../lib/gcc/arm-none-eabi/7.3.1/thumb/v6-m/crtbegin.o
                0x0000000008003bb8                PROVIDE (__init_array_end = .)

.fini_array     0x0000000008003bb8        0x4
                [!provide]                        PROVIDE (__fini_array_start = .)
 *(SORT_BY_NAME(.fini_array.*))
 *(.fini_array*)
 .fini_array    0x0000000008003bb8        0x4 /home/bartosz/program/sw4stm32/plugins/fr.ac6.mcu.externaltools.arm-none.linux64_1.17.0.201812190825/tools/compiler/bin/../lib/gcc/arm-none-eabi/7.3.1/thumb/v6-m/crtbegin.o
                [!provide]                        PROVIDE (__fini_array_end = .)
                0x0000000008003bbc                _sidata = LOADADDR (.data)

.data           0x0000000020000000        0x4 load address 0x0000000008003bbc
                0x0000000020000000                . = ALIGN (0x4)
                0x0000000020000000                _sdata = .
 *(.data)
 .data          0x0000000020000000        0x4 Src/system_stm32l0xx.o
                0x0000000020000000                SystemCoreClock
 *(.data*)
                0x0000000020000004                . = ALIGN (0x4)
                0x0000000020000004                _edata = .

.igot.plt       0x0000000020000004        0x0 load address 0x0000000008003bc0
 .igot.plt      0x0000000020000004        0x0 /home/bartosz/program/sw4stm32/plugins/fr.ac6.mcu.externaltools.arm-none.linux64_1.17.0.201812190825/tools/compiler/bin/../lib/gcc/arm-none-eabi/7.3.1/thumb/v6-m/crtbegin.o
                0x0000000020000004                . = ALIGN (0x4)

.bss            0x0000000020000004      0x29c load address 0x0000000008003bc0
                0x0000000020000004                _sbss = .
                0x0000000020000004                __bss_start__ = _sbss
 *(.bss)
 .bss           0x0000000020000004       0x1c /home/bartosz/program/sw4stm32/plugins/fr.ac6.mcu.externaltools.arm-none.linux64_1.17.0.201812190825/tools/compiler/bin/../lib/gcc/arm-none-eabi/7.3.1/thumb/v6-m/crtbegin.o
 *(.bss*)
 *(COMMON)
 COMMON         0x0000000020000020        0x4 Drivers/STM32L0xx_HAL_Driver/Src/stm32l0xx_hal.o
                0x0000000020000020                uwTick
 COMMON         0x0000000020000024      0x27b Src/main.o
                0x0000000020000024                gDate
                0x0000000020000038                subseconds
                0x000000002000003c                rpt
                0x0000000020000040                settingsLevel
                0x0000000020000044                sTime
                0x0000000020000058                startFlag
                0x0000000020000059                minRpt
                0x000000002000005a                mode
                0x000000002000005c                screenMatrix
                0x0000000020000200                gTime
                0x0000000020000214                rotatesCounter
                0x0000000020000218                forceMode
                0x0000000020000219                busyFlag
                0x000000002000021c                sDate
                0x0000000020000230                hrtc
                0x0000000020000254                columnTime
                0x0000000020000258                workingTime
                0x0000000020000259                seconds
                0x000000002000025a                workingCounter
                0x000000002000025c                htim2
                0x0000000020000298                rotateTime
                0x000000002000029c                minutes
                0x000000002000029d                hours
                0x000000002000029e                contacts
                0x00000000200002a0                . = ALIGN (0x4)
 *fill*         0x000000002000029f        0x1 
                0x00000000200002a0                _ebss = .
                0x00000000200002a0                __bss_end__ = _ebss

._user_heap_stack
                0x00000000200002a0      0x600 load address 0x0000000008003bc0
                0x00000000200002a0                . = ALIGN (0x8)
                0x00000000200002a0                PROVIDE (end = .)
                [!provide]                        PROVIDE (_end = .)
                0x00000000200004a0                . = (. + _Min_Heap_Size)
 *fill*         0x00000000200002a0      0x200 
                0x00000000200008a0                . = (. + _Min_Stack_Size)
 *fill*         0x00000000200004a0      0x400 
                0x00000000200008a0                . = ALIGN (0x8)

/DISCARD/
 libc.a(*)
 libm.a(*)
 libgcc.a(*)

.ARM.attributes
                0x0000000000000000       0x28
 *(.ARM.attributes)
 .ARM.attributes
                0x0000000000000000       0x1e /home/bartosz/program/sw4stm32/plugins/fr.ac6.mcu.externaltools.arm-none.linux64_1.17.0.201812190825/tools/compiler/bin/../lib/gcc/arm-none-eabi/7.3.1/thumb/v6-m/crti.o
 .ARM.attributes
                0x000000000000001e       0x2c /home/bartosz/program/sw4stm32/plugins/fr.ac6.mcu.externaltools.arm-none.linux64_1.17.0.201812190825/tools/compiler/bin/../lib/gcc/arm-none-eabi/7.3.1/thumb/v6-m/crtbegin.o
 .ARM.attributes
                0x000000000000004a       0x32 Drivers/STM32L0xx_HAL_Driver/Src/stm32l0xx_hal.o
 .ARM.attributes
                0x000000000000007c       0x32 Drivers/STM32L0xx_HAL_Driver/Src/stm32l0xx_hal_cortex.o
 .ARM.attributes
                0x00000000000000ae       0x32 Drivers/STM32L0xx_HAL_Driver/Src/stm32l0xx_hal_gpio.o
 .ARM.attributes
                0x00000000000000e0       0x32 Drivers/STM32L0xx_HAL_Driver/Src/stm32l0xx_hal_pwr.o
 .ARM.attributes
                0x0000000000000112       0x32 Drivers/STM32L0xx_HAL_Driver/Src/stm32l0xx_hal_rcc.o
 .ARM.attributes
                0x0000000000000144       0x32 Drivers/STM32L0xx_HAL_Driver/Src/stm32l0xx_hal_rcc_ex.o
 .ARM.attributes
                0x0000000000000176       0x32 Drivers/STM32L0xx_HAL_Driver/Src/stm32l0xx_hal_rtc.o
 .ARM.attributes
                0x00000000000001a8       0x32 Drivers/STM32L0xx_HAL_Driver/Src/stm32l0xx_hal_tim.o
 .ARM.attributes
                0x00000000000001da       0x32 Drivers/STM32L0xx_HAL_Driver/Src/stm32l0xx_hal_tim_ex.o
 .ARM.attributes
                0x000000000000020c       0x32 Src/main.o
 .ARM.attributes
                0x000000000000023e       0x32 Src/matrixDisplay.o
 .ARM.attributes
                0x0000000000000270       0x32 Src/rtc.o
 .ARM.attributes
                0x00000000000002a2       0x32 Src/stm32l0xx_hal_msp.o
 .ARM.attributes
                0x00000000000002d4       0x32 Src/stm32l0xx_it.o
 .ARM.attributes
                0x0000000000000306       0x32 Src/system_stm32l0xx.o
 .ARM.attributes
                0x0000000000000338       0x22 startup/startup_stm32l041xx.o
 .ARM.attributes
                0x000000000000035a       0x1e /home/bartosz/program/sw4stm32/plugins/fr.ac6.mcu.externaltools.arm-none.linux64_1.17.0.201812190825/tools/compiler/bin/../lib/gcc/arm-none-eabi/7.3.1/thumb/v6-m/libgcc.a(_udivsi3.o)
 .ARM.attributes
                0x0000000000000378       0x1e /home/bartosz/program/sw4stm32/plugins/fr.ac6.mcu.externaltools.arm-none.linux64_1.17.0.201812190825/tools/compiler/bin/../lib/gcc/arm-none-eabi/7.3.1/thumb/v6-m/libgcc.a(_dvmd_tls.o)
 .ARM.attributes
                0x0000000000000396       0x2c /home/bartosz/program/sw4stm32/plugins/fr.ac6.mcu.externaltools.arm-none.linux64_1.17.0.201812190825/tools/compiler/bin/../lib/gcc/arm-none-eabi/7.3.1/thumb/v6-m/libgcc.a(_fixunsdfsi.o)
 .ARM.attributes
                0x00000000000003c2       0x2c /home/bartosz/program/sw4stm32/plugins/fr.ac6.mcu.externaltools.arm-none.linux64_1.17.0.201812190825/tools/compiler/bin/../lib/gcc/arm-none-eabi/7.3.1/thumb/v6-m/libgcc.a(divdf3.o)
 .ARM.attributes
                0x00000000000003ee       0x2c /home/bartosz/program/sw4stm32/plugins/fr.ac6.mcu.externaltools.arm-none.linux64_1.17.0.201812190825/tools/compiler/bin/../lib/gcc/arm-none-eabi/7.3.1/thumb/v6-m/libgcc.a(muldf3.o)
 .ARM.attributes
                0x000000000000041a       0x2c /home/bartosz/program/sw4stm32/plugins/fr.ac6.mcu.externaltools.arm-none.linux64_1.17.0.201812190825/tools/compiler/bin/../lib/gcc/arm-none-eabi/7.3.1/thumb/v6-m/libgcc.a(subdf3.o)
 .ARM.attributes
                0x0000000000000446       0x2c /home/bartosz/program/sw4stm32/plugins/fr.ac6.mcu.externaltools.arm-none.linux64_1.17.0.201812190825/tools/compiler/bin/../lib/gcc/arm-none-eabi/7.3.1/thumb/v6-m/libgcc.a(fixdfsi.o)
 .ARM.attributes
                0x0000000000000472       0x2c /home/bartosz/program/sw4stm32/plugins/fr.ac6.mcu.externaltools.arm-none.linux64_1.17.0.201812190825/tools/compiler/bin/../lib/gcc/arm-none-eabi/7.3.1/thumb/v6-m/libgcc.a(floatunsidf.o)
 .ARM.attributes
                0x000000000000049e       0x1e /home/bartosz/program/sw4stm32/plugins/fr.ac6.mcu.externaltools.arm-none.linux64_1.17.0.201812190825/tools/compiler/bin/../lib/gcc/arm-none-eabi/7.3.1/thumb/v6-m/libgcc.a(_arm_cmpdf2.o)
 .ARM.attributes
                0x00000000000004bc       0x1e /home/bartosz/program/sw4stm32/plugins/fr.ac6.mcu.externaltools.arm-none.linux64_1.17.0.201812190825/tools/compiler/bin/../lib/gcc/arm-none-eabi/7.3.1/thumb/v6-m/libgcc.a(_clzsi2.o)
 .ARM.attributes
                0x00000000000004da       0x2c /home/bartosz/program/sw4stm32/plugins/fr.ac6.mcu.externaltools.arm-none.linux64_1.17.0.201812190825/tools/compiler/bin/../lib/gcc/arm-none-eabi/7.3.1/thumb/v6-m/libgcc.a(eqdf2.o)
 .ARM.attributes
                0x0000000000000506       0x2c /home/bartosz/program/sw4stm32/plugins/fr.ac6.mcu.externaltools.arm-none.linux64_1.17.0.201812190825/tools/compiler/bin/../lib/gcc/arm-none-eabi/7.3.1/thumb/v6-m/libgcc.a(gedf2.o)
 .ARM.attributes
                0x0000000000000532       0x2c /home/bartosz/program/sw4stm32/plugins/fr.ac6.mcu.externaltools.arm-none.linux64_1.17.0.201812190825/tools/compiler/bin/../lib/gcc/arm-none-eabi/7.3.1/thumb/v6-m/libgcc.a(ledf2.o)
 .ARM.attributes
                0x000000000000055e       0x2c /home/bartosz/program/sw4stm32/plugins/fr.ac6.mcu.externaltools.arm-none.linux64_1.17.0.201812190825/tools/compiler/bin/../lib/gcc/arm-none-eabi/7.3.1/../../../../arm-none-eabi/lib/thumb/v6-m/libc_nano.a(lib_a-init.o)
 .ARM.attributes
                0x000000000000058a       0x2c /home/bartosz/program/sw4stm32/plugins/fr.ac6.mcu.externaltools.arm-none.linux64_1.17.0.201812190825/tools/compiler/bin/../lib/gcc/arm-none-eabi/7.3.1/../../../../arm-none-eabi/lib/thumb/v6-m/libc_nano.a(lib_a-memset.o)
 .ARM.attributes
                0x00000000000005b6       0x1e /home/bartosz/program/sw4stm32/plugins/fr.ac6.mcu.externaltools.arm-none.linux64_1.17.0.201812190825/tools/compiler/bin/../lib/gcc/arm-none-eabi/7.3.1/thumb/v6-m/crtn.o
OUTPUT(Spinner.elf elf32-littlearm)

.debug_info     0x0000000000000000     0xbac5
 .debug_info    0x0000000000000000      0x7f2 Drivers/STM32L0xx_HAL_Driver/Src/stm32l0xx_hal.o
 .debug_info    0x00000000000007f2      0x7b9 Drivers/STM32L0xx_HAL_Driver/Src/stm32l0xx_hal_cortex.o
 .debug_info    0x0000000000000fab      0x6cc Drivers/STM32L0xx_HAL_Driver/Src/stm32l0xx_hal_gpio.o
 .debug_info    0x0000000000001677      0x670 Drivers/STM32L0xx_HAL_Driver/Src/stm32l0xx_hal_pwr.o
 .debug_info    0x0000000000001ce7      0xb6e Drivers/STM32L0xx_HAL_Driver/Src/stm32l0xx_hal_rcc.o
 .debug_info    0x0000000000002855      0x56e Drivers/STM32L0xx_HAL_Driver/Src/stm32l0xx_hal_rcc_ex.o
 .debug_info    0x0000000000002dc3      0xd7b Drivers/STM32L0xx_HAL_Driver/Src/stm32l0xx_hal_rtc.o
 .debug_info    0x0000000000003b3e     0x3009 Drivers/STM32L0xx_HAL_Driver/Src/stm32l0xx_hal_tim.o
 .debug_info    0x0000000000006b47      0x68b Drivers/STM32L0xx_HAL_Driver/Src/stm32l0xx_hal_tim_ex.o
 .debug_info    0x00000000000071d2     0x1b8e Src/main.o
 .debug_info    0x0000000000008d60     0x12b4 Src/matrixDisplay.o
 .debug_info    0x000000000000a014      0x582 Src/rtc.o
 .debug_info    0x000000000000a596      0xaad Src/stm32l0xx_hal_msp.o
 .debug_info    0x000000000000b043      0x6cb Src/stm32l0xx_it.o
 .debug_info    0x000000000000b70e      0x395 Src/system_stm32l0xx.o
 .debug_info    0x000000000000baa3       0x22 startup/startup_stm32l041xx.o

.debug_abbrev   0x0000000000000000     0x1c99
 .debug_abbrev  0x0000000000000000      0x236 Drivers/STM32L0xx_HAL_Driver/Src/stm32l0xx_hal.o
 .debug_abbrev  0x0000000000000236      0x227 Drivers/STM32L0xx_HAL_Driver/Src/stm32l0xx_hal_cortex.o
 .debug_abbrev  0x000000000000045d      0x1cf Drivers/STM32L0xx_HAL_Driver/Src/stm32l0xx_hal_gpio.o
 .debug_abbrev  0x000000000000062c      0x1ab Drivers/STM32L0xx_HAL_Driver/Src/stm32l0xx_hal_pwr.o
 .debug_abbrev  0x00000000000007d7      0x27b Drivers/STM32L0xx_HAL_Driver/Src/stm32l0xx_hal_rcc.o
 .debug_abbrev  0x0000000000000a52      0x1e3 Drivers/STM32L0xx_HAL_Driver/Src/stm32l0xx_hal_rcc_ex.o
 .debug_abbrev  0x0000000000000c35      0x1ee Drivers/STM32L0xx_HAL_Driver/Src/stm32l0xx_hal_rtc.o
 .debug_abbrev  0x0000000000000e23      0x224 Drivers/STM32L0xx_HAL_Driver/Src/stm32l0xx_hal_tim.o
 .debug_abbrev  0x0000000000001047      0x1ab Drivers/STM32L0xx_HAL_Driver/Src/stm32l0xx_hal_tim_ex.o
 .debug_abbrev  0x00000000000011f2      0x25e Src/main.o
 .debug_abbrev  0x0000000000001450      0x278 Src/matrixDisplay.o
 .debug_abbrev  0x00000000000016c8      0x16b Src/rtc.o
 .debug_abbrev  0x0000000000001833      0x1b6 Src/stm32l0xx_hal_msp.o
 .debug_abbrev  0x00000000000019e9      0x18d Src/stm32l0xx_it.o
 .debug_abbrev  0x0000000000001b76      0x111 Src/system_stm32l0xx.o
 .debug_abbrev  0x0000000000001c87       0x12 startup/startup_stm32l041xx.o

.debug_loc      0x0000000000000000     0x5dac
 .debug_loc     0x0000000000000000      0x12c Drivers/STM32L0xx_HAL_Driver/Src/stm32l0xx_hal.o
 .debug_loc     0x000000000000012c      0x393 Drivers/STM32L0xx_HAL_Driver/Src/stm32l0xx_hal_cortex.o
 .debug_loc     0x00000000000004bf      0x2d1 Drivers/STM32L0xx_HAL_Driver/Src/stm32l0xx_hal_gpio.o
 .debug_loc     0x0000000000000790      0x101 Drivers/STM32L0xx_HAL_Driver/Src/stm32l0xx_hal_pwr.o
 .debug_loc     0x0000000000000891      0x576 Drivers/STM32L0xx_HAL_Driver/Src/stm32l0xx_hal_rcc.o
 .debug_loc     0x0000000000000e07      0x614 Drivers/STM32L0xx_HAL_Driver/Src/stm32l0xx_hal_rcc_ex.o
 .debug_loc     0x000000000000141b      0x9db Drivers/STM32L0xx_HAL_Driver/Src/stm32l0xx_hal_rtc.o
 .debug_loc     0x0000000000001df6     0x3939 Drivers/STM32L0xx_HAL_Driver/Src/stm32l0xx_hal_tim.o
 .debug_loc     0x000000000000572f       0xc7 Drivers/STM32L0xx_HAL_Driver/Src/stm32l0xx_hal_tim_ex.o
 .debug_loc     0x00000000000057f6      0x119 Src/main.o
 .debug_loc     0x000000000000590f      0x287 Src/matrixDisplay.o
 .debug_loc     0x0000000000005b96       0x74 Src/stm32l0xx_hal_msp.o
 .debug_loc     0x0000000000005c0a      0x1a2 Src/system_stm32l0xx.o

.debug_aranges  0x0000000000000000      0x9a8
 .debug_aranges
                0x0000000000000000       0xf8 Drivers/STM32L0xx_HAL_Driver/Src/stm32l0xx_hal.o
 .debug_aranges
                0x00000000000000f8       0x78 Drivers/STM32L0xx_HAL_Driver/Src/stm32l0xx_hal_cortex.o
 .debug_aranges
                0x0000000000000170       0x58 Drivers/STM32L0xx_HAL_Driver/Src/stm32l0xx_hal_gpio.o
 .debug_aranges
                0x00000000000001c8       0xa0 Drivers/STM32L0xx_HAL_Driver/Src/stm32l0xx_hal_pwr.o
 .debug_aranges
                0x0000000000000268       0x80 Drivers/STM32L0xx_HAL_Driver/Src/stm32l0xx_hal_rcc.o
 .debug_aranges
                0x00000000000002e8       0x58 Drivers/STM32L0xx_HAL_Driver/Src/stm32l0xx_hal_rcc_ex.o
 .debug_aranges
                0x0000000000000340       0xb8 Drivers/STM32L0xx_HAL_Driver/Src/stm32l0xx_hal_rtc.o
 .debug_aranges
                0x00000000000003f8      0x3a8 Drivers/STM32L0xx_HAL_Driver/Src/stm32l0xx_hal_tim.o
 .debug_aranges
                0x00000000000007a0       0x28 Drivers/STM32L0xx_HAL_Driver/Src/stm32l0xx_hal_tim_ex.o
 .debug_aranges
                0x00000000000007c8       0x48 Src/main.o
 .debug_aranges
                0x0000000000000810       0x78 Src/matrixDisplay.o
 .debug_aranges
                0x0000000000000888       0x30 Src/rtc.o
 .debug_aranges
                0x00000000000008b8       0x40 Src/stm32l0xx_hal_msp.o
 .debug_aranges
                0x00000000000008f8       0x60 Src/stm32l0xx_it.o
 .debug_aranges
                0x0000000000000958       0x28 Src/system_stm32l0xx.o
 .debug_aranges
                0x0000000000000980       0x28 startup/startup_stm32l041xx.o

.debug_ranges   0x0000000000000000      0x970
 .debug_ranges  0x0000000000000000       0xe8 Drivers/STM32L0xx_HAL_Driver/Src/stm32l0xx_hal.o
 .debug_ranges  0x00000000000000e8       0xb0 Drivers/STM32L0xx_HAL_Driver/Src/stm32l0xx_hal_cortex.o
 .debug_ranges  0x0000000000000198       0x48 Drivers/STM32L0xx_HAL_Driver/Src/stm32l0xx_hal_gpio.o
 .debug_ranges  0x00000000000001e0       0x90 Drivers/STM32L0xx_HAL_Driver/Src/stm32l0xx_hal_pwr.o
 .debug_ranges  0x0000000000000270       0xa0 Drivers/STM32L0xx_HAL_Driver/Src/stm32l0xx_hal_rcc.o
 .debug_ranges  0x0000000000000310       0x60 Drivers/STM32L0xx_HAL_Driver/Src/stm32l0xx_hal_rcc_ex.o
 .debug_ranges  0x0000000000000370       0xa8 Drivers/STM32L0xx_HAL_Driver/Src/stm32l0xx_hal_rtc.o
 .debug_ranges  0x0000000000000418      0x398 Drivers/STM32L0xx_HAL_Driver/Src/stm32l0xx_hal_tim.o
 .debug_ranges  0x00000000000007b0       0x18 Drivers/STM32L0xx_HAL_Driver/Src/stm32l0xx_hal_tim_ex.o
 .debug_ranges  0x00000000000007c8       0x50 Src/main.o
 .debug_ranges  0x0000000000000818       0x80 Src/matrixDisplay.o
 .debug_ranges  0x0000000000000898       0x20 Src/rtc.o
 .debug_ranges  0x00000000000008b8       0x30 Src/stm32l0xx_hal_msp.o
 .debug_ranges  0x00000000000008e8       0x50 Src/stm32l0xx_it.o
 .debug_ranges  0x0000000000000938       0x18 Src/system_stm32l0xx.o
 .debug_ranges  0x0000000000000950       0x20 startup/startup_stm32l041xx.o

.debug_macro    0x0000000000000000    0x113b0
 .debug_macro   0x0000000000000000      0x1e1 Drivers/STM32L0xx_HAL_Driver/Src/stm32l0xx_hal.o
 .debug_macro   0x00000000000001e1      0xa4e Drivers/STM32L0xx_HAL_Driver/Src/stm32l0xx_hal.o
 .debug_macro   0x0000000000000c2f       0xa1 Drivers/STM32L0xx_HAL_Driver/Src/stm32l0xx_hal.o
 .debug_macro   0x0000000000000cd0       0x2e Drivers/STM32L0xx_HAL_Driver/Src/stm32l0xx_hal.o
 .debug_macro   0x0000000000000cfe       0x28 Drivers/STM32L0xx_HAL_Driver/Src/stm32l0xx_hal.o
 .debug_macro   0x0000000000000d26       0x22 Drivers/STM32L0xx_HAL_Driver/Src/stm32l0xx_hal.o
 .debug_macro   0x0000000000000d48       0x8e Drivers/STM32L0xx_HAL_Driver/Src/stm32l0xx_hal.o
 .debug_macro   0x0000000000000dd6       0x51 Drivers/STM32L0xx_HAL_Driver/Src/stm32l0xx_hal.o
 .debug_macro   0x0000000000000e27       0xef Drivers/STM32L0xx_HAL_Driver/Src/stm32l0xx_hal.o
 .debug_macro   0x0000000000000f16       0x6a Drivers/STM32L0xx_HAL_Driver/Src/stm32l0xx_hal.o
 .debug_macro   0x0000000000000f80      0x1df Drivers/STM32L0xx_HAL_Driver/Src/stm32l0xx_hal.o
 .debug_macro   0x000000000000115f       0x34 Drivers/STM32L0xx_HAL_Driver/Src/stm32l0xx_hal.o
 .debug_macro   0x0000000000001193       0x26 Drivers/STM32L0xx_HAL_Driver/Src/stm32l0xx_hal.o
 .debug_macro   0x00000000000011b9      0x329 Drivers/STM32L0xx_HAL_Driver/Src/stm32l0xx_hal.o
 .debug_macro   0x00000000000014e2     0x8153 Drivers/STM32L0xx_HAL_Driver/Src/stm32l0xx_hal.o
 .debug_macro   0x0000000000009635       0x3c Drivers/STM32L0xx_HAL_Driver/Src/stm32l0xx_hal.o
 .debug_macro   0x0000000000009671     0x352c Drivers/STM32L0xx_HAL_Driver/Src/stm32l0xx_hal.o
 .debug_macro   0x000000000000cb9d      0x174 Drivers/STM32L0xx_HAL_Driver/Src/stm32l0xx_hal.o
 .debug_macro   0x000000000000cd11       0x4f Drivers/STM32L0xx_HAL_Driver/Src/stm32l0xx_hal.o
 .debug_macro   0x000000000000cd60      0x8ae Drivers/STM32L0xx_HAL_Driver/Src/stm32l0xx_hal.o
 .debug_macro   0x000000000000d60e      0x4ba Drivers/STM32L0xx_HAL_Driver/Src/stm32l0xx_hal.o
 .debug_macro   0x000000000000dac8      0x13f Drivers/STM32L0xx_HAL_Driver/Src/stm32l0xx_hal.o
 .debug_macro   0x000000000000dc07      0x10d Drivers/STM32L0xx_HAL_Driver/Src/stm32l0xx_hal.o
 .debug_macro   0x000000000000dd14      0x295 Drivers/STM32L0xx_HAL_Driver/Src/stm32l0xx_hal.o
 .debug_macro   0x000000000000dfa9       0x28 Drivers/STM32L0xx_HAL_Driver/Src/stm32l0xx_hal.o
 .debug_macro   0x000000000000dfd1      0x129 Drivers/STM32L0xx_HAL_Driver/Src/stm32l0xx_hal.o
 .debug_macro   0x000000000000e0fa      0x244 Drivers/STM32L0xx_HAL_Driver/Src/stm32l0xx_hal.o
 .debug_macro   0x000000000000e33e      0x22c Drivers/STM32L0xx_HAL_Driver/Src/stm32l0xx_hal.o
 .debug_macro   0x000000000000e56a       0x5b Drivers/STM32L0xx_HAL_Driver/Src/stm32l0xx_hal.o
 .debug_macro   0x000000000000e5c5       0xa5 Drivers/STM32L0xx_HAL_Driver/Src/stm32l0xx_hal.o
 .debug_macro   0x000000000000e66a      0x18d Drivers/STM32L0xx_HAL_Driver/Src/stm32l0xx_hal.o
 .debug_macro   0x000000000000e7f7       0x16 Drivers/STM32L0xx_HAL_Driver/Src/stm32l0xx_hal.o
 .debug_macro   0x000000000000e80d      0x30c Drivers/STM32L0xx_HAL_Driver/Src/stm32l0xx_hal.o
 .debug_macro   0x000000000000eb19      0x418 Drivers/STM32L0xx_HAL_Driver/Src/stm32l0xx_hal.o
 .debug_macro   0x000000000000ef31       0xdd Drivers/STM32L0xx_HAL_Driver/Src/stm32l0xx_hal.o
 .debug_macro   0x000000000000f00e      0x734 Drivers/STM32L0xx_HAL_Driver/Src/stm32l0xx_hal.o
 .debug_macro   0x000000000000f742       0xc6 Drivers/STM32L0xx_HAL_Driver/Src/stm32l0xx_hal.o
 .debug_macro   0x000000000000f808      0x121 Drivers/STM32L0xx_HAL_Driver/Src/stm32l0xx_hal.o
 .debug_macro   0x000000000000f929      0x1bd Drivers/STM32L0xx_HAL_Driver/Src/stm32l0xx_hal_cortex.o
 .debug_macro   0x000000000000fae6      0x1f5 Drivers/STM32L0xx_HAL_Driver/Src/stm32l0xx_hal_gpio.o
 .debug_macro   0x000000000000fcdb      0x1d5 Drivers/STM32L0xx_HAL_Driver/Src/stm32l0xx_hal_pwr.o
 .debug_macro   0x000000000000feb0      0x1f3 Drivers/STM32L0xx_HAL_Driver/Src/stm32l0xx_hal_rcc.o
 .debug_macro   0x00000000000100a3      0x1bd Drivers/STM32L0xx_HAL_Driver/Src/stm32l0xx_hal_rcc_ex.o
 .debug_macro   0x0000000000010260      0x1be Drivers/STM32L0xx_HAL_Driver/Src/stm32l0xx_hal_rtc.o
 .debug_macro   0x000000000001041e      0x1be Drivers/STM32L0xx_HAL_Driver/Src/stm32l0xx_hal_tim.o
 .debug_macro   0x00000000000105dc      0x1bd Drivers/STM32L0xx_HAL_Driver/Src/stm32l0xx_hal_tim_ex.o
 .debug_macro   0x0000000000010799      0x1e3 Src/main.o
 .debug_macro   0x000000000001097c       0x9a Src/main.o
 .debug_macro   0x0000000000010a16       0x82 Src/main.o
 .debug_macro   0x0000000000010a98      0x1d9 Src/matrixDisplay.o
 .debug_macro   0x0000000000010c71      0x1da Src/rtc.o
 .debug_macro   0x0000000000010e4b      0x1cc Src/stm32l0xx_hal_msp.o
 .debug_macro   0x0000000000011017      0x1d6 Src/stm32l0xx_it.o
 .debug_macro   0x00000000000111ed      0x1c3 Src/system_stm32l0xx.o

.debug_line     0x0000000000000000     0x8d38
 .debug_line    0x0000000000000000      0x90d Drivers/STM32L0xx_HAL_Driver/Src/stm32l0xx_hal.o
 .debug_line    0x000000000000090d      0x869 Drivers/STM32L0xx_HAL_Driver/Src/stm32l0xx_hal_cortex.o
 .debug_line    0x0000000000001176      0x84c Drivers/STM32L0xx_HAL_Driver/Src/stm32l0xx_hal_gpio.o
 .debug_line    0x00000000000019c2      0x881 Drivers/STM32L0xx_HAL_Driver/Src/stm32l0xx_hal_pwr.o
 .debug_line    0x0000000000002243      0xa07 Drivers/STM32L0xx_HAL_Driver/Src/stm32l0xx_hal_rcc.o
 .debug_line    0x0000000000002c4a      0x8a3 Drivers/STM32L0xx_HAL_Driver/Src/stm32l0xx_hal_rcc_ex.o
 .debug_line    0x00000000000034ed      0xab7 Drivers/STM32L0xx_HAL_Driver/Src/stm32l0xx_hal_rtc.o
 .debug_line    0x0000000000003fa4     0x16ac Drivers/STM32L0xx_HAL_Driver/Src/stm32l0xx_hal_tim.o
 .debug_line    0x0000000000005650      0x77f Drivers/STM32L0xx_HAL_Driver/Src/stm32l0xx_hal_tim_ex.o
 .debug_line    0x0000000000005dcf      0x89b Src/main.o
 .debug_line    0x000000000000666a      0x90a Src/matrixDisplay.o
 .debug_line    0x0000000000006f74      0x722 Src/rtc.o
 .debug_line    0x0000000000007696      0x761 Src/stm32l0xx_hal_msp.o
 .debug_line    0x0000000000007df7      0x795 Src/stm32l0xx_it.o
 .debug_line    0x000000000000858c      0x729 Src/system_stm32l0xx.o
 .debug_line    0x0000000000008cb5       0x83 startup/startup_stm32l041xx.o

.debug_str      0x0000000000000000    0x6ac39
 .debug_str     0x0000000000000000    0x67f70 Drivers/STM32L0xx_HAL_Driver/Src/stm32l0xx_hal.o
                                      0x683f8 (size before relaxing)
 .debug_str     0x0000000000067f70      0x1e1 Drivers/STM32L0xx_HAL_Driver/Src/stm32l0xx_hal_cortex.o
                                      0x68110 (size before relaxing)
 .debug_str     0x0000000000068151      0x2c6 Drivers/STM32L0xx_HAL_Driver/Src/stm32l0xx_hal_gpio.o
                                      0x680ce (size before relaxing)
 .debug_str     0x0000000000068417      0x2ac Drivers/STM32L0xx_HAL_Driver/Src/stm32l0xx_hal_pwr.o
                                      0x6809a (size before relaxing)
 .debug_str     0x00000000000686c3      0x416 Drivers/STM32L0xx_HAL_Driver/Src/stm32l0xx_hal_rcc.o
                                      0x682e7 (size before relaxing)
 .debug_str     0x0000000000068ad9      0x1da Drivers/STM32L0xx_HAL_Driver/Src/stm32l0xx_hal_rcc_ex.o
                                      0x68015 (size before relaxing)
 .debug_str     0x0000000000068cb3      0x47f Drivers/STM32L0xx_HAL_Driver/Src/stm32l0xx_hal_rtc.o
                                      0x68212 (size before relaxing)
 .debug_str     0x0000000000069132     0x10a1 Drivers/STM32L0xx_HAL_Driver/Src/stm32l0xx_hal_tim.o
                                      0x68f43 (size before relaxing)
 .debug_str     0x000000000006a1d3       0xc1 Drivers/STM32L0xx_HAL_Driver/Src/stm32l0xx_hal_tim_ex.o
                                      0x681ac (size before relaxing)
 .debug_str     0x000000000006a294      0x7c6 Src/main.o
                                      0x6910c (size before relaxing)
 .debug_str     0x000000000006aa5a       0x51 Src/matrixDisplay.o
                                      0x688e7 (size before relaxing)
 .debug_str     0x000000000006aaab        0xd Src/rtc.o
                                      0x6819e (size before relaxing)
 .debug_str     0x000000000006aab8       0x25 Src/stm32l0xx_hal_msp.o
                                      0x686ad (size before relaxing)
 .debug_str     0x000000000006aadd       0xbb Src/stm32l0xx_it.o
                                      0x683ac (size before relaxing)
 .debug_str     0x000000000006ab98       0x72 Src/system_stm32l0xx.o
                                      0x67e19 (size before relaxing)
 .debug_str     0x000000000006ac0a       0x2f startup/startup_stm32l041xx.o
                                         0x62 (size before relaxing)

.comment        0x0000000000000000       0x7f
 .comment       0x0000000000000000       0x7f Drivers/STM32L0xx_HAL_Driver/Src/stm32l0xx_hal.o
                                         0x80 (size before relaxing)
 .comment       0x000000000000007f       0x80 Drivers/STM32L0xx_HAL_Driver/Src/stm32l0xx_hal_cortex.o
 .comment       0x000000000000007f       0x80 Drivers/STM32L0xx_HAL_Driver/Src/stm32l0xx_hal_gpio.o
 .comment       0x000000000000007f       0x80 Drivers/STM32L0xx_HAL_Driver/Src/stm32l0xx_hal_pwr.o
 .comment       0x000000000000007f       0x80 Drivers/STM32L0xx_HAL_Driver/Src/stm32l0xx_hal_rcc.o
 .comment       0x000000000000007f       0x80 Drivers/STM32L0xx_HAL_Driver/Src/stm32l0xx_hal_rcc_ex.o
 .comment       0x000000000000007f       0x80 Drivers/STM32L0xx_HAL_Driver/Src/stm32l0xx_hal_rtc.o
 .comment       0x000000000000007f       0x80 Drivers/STM32L0xx_HAL_Driver/Src/stm32l0xx_hal_tim.o
 .comment       0x000000000000007f       0x80 Drivers/STM32L0xx_HAL_Driver/Src/stm32l0xx_hal_tim_ex.o
 .comment       0x000000000000007f       0x80 Src/main.o
 .comment       0x000000000000007f       0x80 Src/matrixDisplay.o
 .comment       0x000000000000007f       0x80 Src/rtc.o
 .comment       0x000000000000007f       0x80 Src/stm32l0xx_hal_msp.o
 .comment       0x000000000000007f       0x80 Src/stm32l0xx_it.o
 .comment       0x000000000000007f       0x80 Src/system_stm32l0xx.o

.debug_frame    0x0000000000000000     0x1944
 .debug_frame   0x0000000000000000      0x1f4 Drivers/STM32L0xx_HAL_Driver/Src/stm32l0xx_hal.o
 .debug_frame   0x00000000000001f4       0xe4 Drivers/STM32L0xx_HAL_Driver/Src/stm32l0xx_hal_cortex.o
 .debug_frame   0x00000000000002d8       0xc8 Drivers/STM32L0xx_HAL_Driver/Src/stm32l0xx_hal_gpio.o
 .debug_frame   0x00000000000003a0      0x138 Drivers/STM32L0xx_HAL_Driver/Src/stm32l0xx_hal_pwr.o
 .debug_frame   0x00000000000004d8      0x144 Drivers/STM32L0xx_HAL_Driver/Src/stm32l0xx_hal_rcc.o
 .debug_frame   0x000000000000061c       0xac Drivers/STM32L0xx_HAL_Driver/Src/stm32l0xx_hal_rcc_ex.o
 .debug_frame   0x00000000000006c8      0x208 Drivers/STM32L0xx_HAL_Driver/Src/stm32l0xx_hal_rtc.o
 .debug_frame   0x00000000000008d0      0xa28 Drivers/STM32L0xx_HAL_Driver/Src/stm32l0xx_hal_tim.o
 .debug_frame   0x00000000000012f8       0x40 Drivers/STM32L0xx_HAL_Driver/Src/stm32l0xx_hal_tim_ex.o
 .debug_frame   0x0000000000001338       0xc0 Src/main.o
 .debug_frame   0x00000000000013f8      0x13c Src/matrixDisplay.o
 .debug_frame   0x0000000000001534       0x58 Src/rtc.o
 .debug_frame   0x000000000000158c       0x70 Src/stm32l0xx_hal_msp.o
 .debug_frame   0x00000000000015fc       0xc8 Src/stm32l0xx_it.o
 .debug_frame   0x00000000000016c4       0x38 Src/system_stm32l0xx.o
 .debug_frame   0x00000000000016fc       0x20 /home/bartosz/program/sw4stm32/plugins/fr.ac6.mcu.externaltools.arm-none.linux64_1.17.0.201812190825/tools/compiler/bin/../lib/gcc/arm-none-eabi/7.3.1/thumb/v6-m/libgcc.a(_udivsi3.o)
 .debug_frame   0x000000000000171c       0x2c /home/bartosz/program/sw4stm32/plugins/fr.ac6.mcu.externaltools.arm-none.linux64_1.17.0.201812190825/tools/compiler/bin/../lib/gcc/arm-none-eabi/7.3.1/thumb/v6-m/libgcc.a(_fixunsdfsi.o)
 .debug_frame   0x0000000000001748       0x3c /home/bartosz/program/sw4stm32/plugins/fr.ac6.mcu.externaltools.arm-none.linux64_1.17.0.201812190825/tools/compiler/bin/../lib/gcc/arm-none-eabi/7.3.1/thumb/v6-m/libgcc.a(divdf3.o)
 .debug_frame   0x0000000000001784       0x3c /home/bartosz/program/sw4stm32/plugins/fr.ac6.mcu.externaltools.arm-none.linux64_1.17.0.201812190825/tools/compiler/bin/../lib/gcc/arm-none-eabi/7.3.1/thumb/v6-m/libgcc.a(muldf3.o)
 .debug_frame   0x00000000000017c0       0x3c /home/bartosz/program/sw4stm32/plugins/fr.ac6.mcu.externaltools.arm-none.linux64_1.17.0.201812190825/tools/compiler/bin/../lib/gcc/arm-none-eabi/7.3.1/thumb/v6-m/libgcc.a(subdf3.o)
 .debug_frame   0x00000000000017fc       0x2c /home/bartosz/program/sw4stm32/plugins/fr.ac6.mcu.externaltools.arm-none.linux64_1.17.0.201812190825/tools/compiler/bin/../lib/gcc/arm-none-eabi/7.3.1/thumb/v6-m/libgcc.a(fixdfsi.o)
 .debug_frame   0x0000000000001828       0x28 /home/bartosz/program/sw4stm32/plugins/fr.ac6.mcu.externaltools.arm-none.linux64_1.17.0.201812190825/tools/compiler/bin/../lib/gcc/arm-none-eabi/7.3.1/thumb/v6-m/libgcc.a(floatunsidf.o)
 .debug_frame   0x0000000000001850       0x38 /home/bartosz/program/sw4stm32/plugins/fr.ac6.mcu.externaltools.arm-none.linux64_1.17.0.201812190825/tools/compiler/bin/../lib/gcc/arm-none-eabi/7.3.1/thumb/v6-m/libgcc.a(eqdf2.o)
 .debug_frame   0x0000000000001888       0x38 /home/bartosz/program/sw4stm32/plugins/fr.ac6.mcu.externaltools.arm-none.linux64_1.17.0.201812190825/tools/compiler/bin/../lib/gcc/arm-none-eabi/7.3.1/thumb/v6-m/libgcc.a(gedf2.o)
 .debug_frame   0x00000000000018c0       0x38 /home/bartosz/program/sw4stm32/plugins/fr.ac6.mcu.externaltools.arm-none.linux64_1.17.0.201812190825/tools/compiler/bin/../lib/gcc/arm-none-eabi/7.3.1/thumb/v6-m/libgcc.a(ledf2.o)
 .debug_frame   0x00000000000018f8       0x2c /home/bartosz/program/sw4stm32/plugins/fr.ac6.mcu.externaltools.arm-none.linux64_1.17.0.201812190825/tools/compiler/bin/../lib/gcc/arm-none-eabi/7.3.1/../../../../arm-none-eabi/lib/thumb/v6-m/libc_nano.a(lib_a-init.o)
 .debug_frame   0x0000000000001924       0x20 /home/bartosz/program/sw4stm32/plugins/fr.ac6.mcu.externaltools.arm-none.linux64_1.17.0.201812190825/tools/compiler/bin/../lib/gcc/arm-none-eabi/7.3.1/../../../../arm-none-eabi/lib/thumb/v6-m/libc_nano.a(lib_a-memset.o)
